[2026-03-30 00:26:27,688] INFO api GET /test/user_create/ status=200 user_id=None time=7.26ms
[2026-03-30 00:26:27,824] INFO api GET /favicon.ico status=404 user_id=None time=16.47ms
[2026-03-30 00:27:09,675] INFO api POST /api/users/creatUser/ status=201 user_id=None time=384.78ms
[2026-03-30 01:09:36,357] INFO api GET /test/user_create/ status=200 user_id=None time=6.01ms
[2026-03-30 01:10:41,818] INFO api POST /api/users/createUser/ status=400 user_id=None time=66.91ms
[2026-03-30 01:10:46,913] INFO api POST /api/users/createUser/ status=201 user_id=None time=308.61ms
[2026-03-30 01:13:23,902] INFO api GET /test/user_login/ status=200 user_id=None time=2.00ms
[2026-03-30 01:13:30,475] INFO api POST /api/users/dirUser/ status=401 user_id=None time=5.01ms
[2026-03-30 01:13:33,854] INFO api POST /api/users/dirUser/ status=401 user_id=None time=1.00ms
[2026-03-30 01:20:31,875] INFO api GET /test/user_login/ status=200 user_id=None time=7.64ms
[2026-03-30 01:20:37,804] INFO api POST /api/users/dirUser/ status=401 user_id=None time=2.00ms
[2026-03-30 01:20:49,355] INFO api GET /test/user_login/ status=200 user_id=None time=5.00ms
[2026-03-30 01:20:53,049] INFO api POST /api/users/dirUser/ status=401 user_id=None time=2.97ms
[2026-03-30 01:21:12,575] INFO api POST /api/users/dirUser/ status=401 user_id=None time=1.00ms
[2026-03-30 01:21:13,553] INFO api POST /api/users/dirUser/ status=401 user_id=None time=0.00ms
[2026-03-30 01:21:18,781] INFO api POST /api/users/dirUser/ status=401 user_id=None time=1.00ms
[2026-03-30 01:24:04,276] INFO api GET /test/user_login/ status=200 user_id=None time=8.48ms
[2026-03-30 01:24:08,243] INFO api POST /api/users/dirUser/ status=405 user_id=None time=3.00ms
[2026-03-30 01:37:53,620] INFO api GET /test/user_login/ status=200 user_id=None time=5.00ms
[2026-03-30 01:38:00,651] INFO api POST /api/users/dirUser/ status=500 user_id=None time=452.24ms
[2026-03-30 01:42:25,121] INFO api GET /test/user_login/ status=200 user_id=None time=5.09ms
[2026-03-30 01:42:29,284] INFO api POST /api/users/dirUser/ status=200 user_id=None time=387.72ms
[2026-03-30 01:43:39,850] INFO api GET /test/user_query/ status=200 user_id=None time=2.00ms
[2026-03-30 01:44:01,730] INFO api GET /api/users/dirUser/ status=200 user_id=None time=6.00ms
[2026-03-30 01:44:35,329] INFO api GET /api/users/dirUser/ status=404 user_id=None time=4.00ms
[2026-03-30 01:45:08,484] INFO api GET /test/user_update/ status=200 user_id=None time=1.00ms
[2026-03-30 01:45:29,898] INFO api PUT /api/users/updateUser/ status=401 user_id=None time=2.03ms
[2026-03-30 02:06:51,280] INFO api GET /test/user_login/ status=200 user_id=None time=5.20ms
[2026-03-30 02:06:56,351] INFO api POST /api/users/dirUser/ status=200 user_id=None time=385.92ms
[2026-03-30 02:11:47,162] INFO api GET /test/user_query/ status=200 user_id=None time=3.00ms
[2026-03-30 02:11:49,996] INFO api GET /api/users/dirUser/ status=500 user_id=None time=144.66ms
[2026-03-30 02:12:08,897] INFO api GET /test/user_query/ status=200 user_id=None time=0.00ms
[2026-03-30 02:12:12,709] INFO api GET /api/users/dirUser/ status=500 user_id=None time=104.56ms
[2026-03-30 02:12:20,785] INFO api GET /api/users/dirUser/ status=500 user_id=None time=101.49ms
[2026-03-30 02:19:43,937] INFO api GET /test/user_login/ status=200 user_id=None time=5.00ms
[2026-03-30 02:19:51,113] INFO api POST /api/users/dirUser/ status=200 user_id=None time=371.25ms
[2026-03-30 02:19:53,502] INFO api GET /test/user_query/ status=200 user_id=None time=1.00ms
[2026-03-30 02:19:56,507] INFO api GET /api/users/dirUser/ status=200 user_id=2 time=7.00ms
[2026-03-30 02:20:39,889] INFO api GET /test/user_update/ status=200 user_id=None time=1.00ms
[2026-03-30 02:20:55,191] INFO api PUT /api/users/updateUser/ status=500 user_id=2 time=99.24ms
[2026-03-30 02:25:49,593] INFO api GET /test/user_update/ status=200 user_id=None time=1.62ms
[2026-03-30 02:25:52,039] INFO api PUT /api/users/updateUser/ status=400 user_id=2 time=35.44ms
[2026-03-30 02:26:03,944] INFO api PUT /api/users/updateUser/ status=200 user_id=2 time=294.92ms
[2026-03-30 02:29:23,448] INFO api GET /test/user_login/ status=200 user_id=None time=2.00ms
[2026-03-30 02:29:53,521] INFO api POST /api/users/dirUser/ status=400 user_id=None time=350.50ms
[2026-03-30 02:29:57,717] INFO api POST /api/users/dirUser/ status=200 user_id=None time=291.17ms
[2026-03-30 02:30:49,038] INFO api GET /test/user_query/ status=200 user_id=None time=2.00ms
[2026-03-30 02:30:51,391] INFO api GET /api/users/dirUser/ status=200 user_id=2 time=9.00ms
[2026-03-30 02:30:56,726] INFO api GET /test/user_update/ status=200 user_id=None time=1.00ms
[2026-03-30 02:30:59,199] INFO api PUT /api/users/updateUser/ status=400 user_id=2 time=7.00ms
[2026-03-30 02:31:14,477] INFO api PUT /api/users/updateUser/ status=200 user_id=2 time=298.36ms
[2026-03-30 02:31:42,398] INFO api GET /test/user_create/ status=200 user_id=None time=0.99ms
[2026-03-30 02:31:55,938] INFO api POST /api/users/createUser/ status=400 user_id=None time=6.00ms
[2026-03-30 02:32:06,518] INFO api POST /api/users/createUser/ status=201 user_id=None time=303.41ms
[2026-03-30 02:32:19,902] INFO api GET /test/user_login/ status=200 user_id=None time=0.00ms
[2026-03-30 02:32:30,915] INFO api POST /api/users/dirUser/ status=404 user_id=None time=4.00ms
[2026-03-30 02:32:37,577] INFO api POST /api/users/dirUser/ status=400 user_id=None time=287.57ms
[2026-03-30 02:32:41,928] INFO api POST /api/users/dirUser/ status=200 user_id=None time=286.35ms
[2026-03-30 02:32:53,880] INFO api GET /test/user_query/ status=200 user_id=None time=1.00ms
[2026-03-30 02:33:01,168] INFO api GET /api/users/dirUser/ status=200 user_id=4 time=7.00ms
[2026-03-30 02:33:06,839] INFO api GET /api/users/dirUser/ status=200 user_id=4 time=7.00ms
[2026-03-30 02:33:09,400] INFO api GET /api/users/dirUser/ status=200 user_id=4 time=7.00ms
[2026-03-30 02:46:20,111] INFO api GET / status=404 user_id=None time=27.53ms
[2026-03-30 02:46:20,383] INFO api GET /favicon.ico status=404 user_id=None time=10.80ms
[2026-03-31 00:39:41,362] INFO api GET /test/user_login/ status=200 user_id=None time=0.00ms
[2026-03-31 00:39:41,533] INFO api GET /favicon.ico status=404 user_id=None time=17.95ms
[2026-03-31 00:39:51,148] INFO api GET /test/user_login/ status=200 user_id=None time=0.00ms
[2026-03-31 00:40:15,210] INFO api GET /test/user_create status=404 user_id=None time=12.82ms
[2026-03-31 00:40:15,210] INFO api GET /test/user_create/ status=200 user_id=None time=0.00ms
[2026-03-31 00:40:32,442] INFO api POST /api/users/createUser/ status=400 user_id=None time=60.63ms
[2026-03-31 00:40:41,201] INFO api POST /api/users/createUser/ status=400 user_id=None time=6.00ms
[2026-03-31 00:40:41,775] INFO api POST /api/users/createUser/ status=400 user_id=None time=5.00ms
[2026-03-31 00:40:49,969] INFO api POST /api/users/createUser/ status=400 user_id=None time=6.00ms
[2026-03-31 00:40:50,502] INFO api POST /api/users/createUser/ status=400 user_id=None time=5.00ms
[2026-03-31 00:41:37,768] INFO api POST /api/users/createUser/ status=201 user_id=None time=430.15ms
[2026-03-31 00:41:45,528] INFO api POST /api/users/createUser/ status=400 user_id=None time=6.00ms
[2026-03-31 00:41:50,980] INFO api POST /api/users/createUser/ status=400 user_id=None time=5.00ms
[2026-03-31 00:41:55,214] INFO api POST /api/users/createUser/ status=400 user_id=None time=6.00ms
[2026-04-01 00:25:23,007] INFO api GET /test/user_login/ status=200 user_id=None time=7.11ms
[2026-04-01 00:25:23,159] INFO api GET /favicon.ico status=404 user_id=None time=14.30ms
[2026-04-01 00:25:29,536] INFO api GET /test/user_create/ status=200 user_id=None time=1.00ms
[2026-04-01 00:25:51,250] INFO api POST /api/users/createUser/ status=201 user_id=None time=357.11ms
[2026-04-02 23:52:15,512] INFO api GET /user_create status=404 user_id=None time=16.96ms
[2026-04-02 23:52:15,622] INFO api GET /favicon.ico status=404 user_id=None time=9.35ms
[2026-04-02 23:54:37,689] INFO api GET /test/user_create status=404 user_id=None time=16.44ms
[2026-04-02 23:54:37,807] INFO api GET /test/user_create/ status=500 user_id=None time=112.29ms
[2026-04-02 23:55:59,547] INFO api GET /test/user_create/ status=200 user_id=None time=5.03ms
[2026-04-03 00:25:29,261] INFO api POST /api/users/createUser/ status=400 user_id=None time=31141.54ms
[2026-04-03 00:28:35,237] INFO api POST /api/users/createUser/ status=201 user_id=None time=161165.26ms
[2026-04-03 00:29:01,514] INFO api POST /api/users/createUser/ status=201 user_id=None time=7361.45ms
[2026-04-03 00:35:23,991] INFO api GET /test/user_create/ status=200 user_id=None time=4.00ms
[2026-04-03 00:35:36,418] INFO api POST /api/users/createUser/ status=400 user_id=None time=10.00ms
[2026-04-03 00:36:20,326] INFO api POST /api/users/createUser/ status=400 user_id=None time=7116.58ms
[2026-04-03 00:40:56,935] INFO api POST /api/users/createUser/ status=400 user_id=None time=266251.27ms
[2026-04-03 00:40:58,256] INFO api POST /api/users/createUser/ status=201 user_id=None time=4157.16ms
[2026-04-03 00:52:48,355] INFO api GET /test/user_create/ status=200 user_id=None time=6.55ms
[2026-04-03 00:52:52,707] INFO api GET /test/user_login/ status=500 user_id=None time=104.76ms
[2026-04-03 00:52:52,892] INFO api GET /favicon.ico status=404 user_id=None time=9.01ms
[2026-04-03 00:53:53,443] INFO api GET /test/user_login/ status=200 user_id=None time=1.00ms
[2026-04-03 00:54:10,307] INFO api POST /api/users/dirUser/ status=400 user_id=None time=309.01ms
[2026-04-03 00:54:16,246] INFO api POST /api/users/dirUser/ status=200 user_id=None time=339.16ms
[2026-04-03 00:54:22,095] INFO api POST /api/users/dirUser/ status=200 user_id=None time=7.55ms
[2026-04-03 00:54:23,606] INFO api POST /api/users/dirUser/ status=200 user_id=None time=8.00ms
[2026-04-03 00:54:29,149] INFO api POST /api/users/dirUser/ status=400 user_id=None time=1.00ms
[2026-04-03 00:59:25,724] INFO api GET /test/user_query/ status=500 user_id=None time=95.71ms
[2026-04-03 00:59:25,965] INFO api GET /favicon.ico status=404 user_id=None time=11.79ms
[2026-04-03 01:00:20,749] INFO api GET /test/user_query/ status=200 user_id=None time=6.00ms
[2026-04-03 01:00:31,112] INFO api GET /api/users/dirUser/ status=400 user_id=9 time=37.54ms
[2026-04-03 01:00:36,103] INFO api GET /api/users/dirUser/ status=200 user_id=9 time=9.00ms
[2026-04-03 01:00:54,454] INFO api GET /api/users/dirUser/ status=200 user_id=9 time=7.00ms
[2026-04-03 01:04:10,963] INFO api GET /test/user_update/ status=500 user_id=None time=112.95ms
[2026-04-03 01:04:53,896] INFO api GET /test/user_update/ status=200 user_id=None time=0.00ms
[2026-04-03 01:05:20,980] INFO api PUT /api/users/updateUser/ status=200 user_id=9 time=12.00ms
[2026-04-03 01:05:25,168] INFO api PUT /api/users/updateUser/ status=200 user_id=9 time=11.00ms
[2026-04-03 01:09:38,747] INFO api GET /test/user_create/ status=200 user_id=None time=6.00ms
[2026-04-03 01:10:03,260] INFO api POST /api/users/createUser/ status=201 user_id=None time=304.30ms
[2026-04-03 01:10:26,290] INFO api GET /test/user_login/ status=200 user_id=None time=1.00ms
[2026-04-03 01:10:28,858] INFO api GET /favicon.ico status=404 user_id=None time=20.00ms
[2026-04-03 01:11:39,905] INFO api POST /api/users/dirUser/ status=400 user_id=None time=292.07ms
[2026-04-03 01:11:44,113] INFO api POST /api/users/dirUser/ status=200 user_id=None time=315.22ms
[2026-04-03 01:11:55,619] INFO api GET /test/user_login/ status=200 user_id=None time=0.00ms
[2026-04-03 01:12:01,041] INFO api POST /api/users/dirUser/ status=400 user_id=None time=1.00ms
[2026-04-03 01:12:03,734] INFO api POST /api/users/dirUser/ status=200 user_id=None time=6.00ms
[2026-04-03 01:12:20,005] INFO api GET /test/user_query/ status=200 user_id=None time=1.00ms
[2026-04-03 01:12:34,411] INFO api GET /api/users/dirUser/ status=200 user_id=10 time=7.00ms
[2026-04-03 01:16:39,686] INFO api GET /api/users/dirUser/ status=403 user_id=9 time=6.00ms
[2026-04-03 01:16:48,920] INFO api GET /api/users/dirUser/ status=200 user_id=9 time=7.00ms
[2026-04-03 01:20:56,034] INFO api GET /test/user_login/ status=200 user_id=None time=0.00ms
[2026-04-03 01:21:03,810] INFO api POST /api/users/dirUser/ status=200 user_id=None time=7.00ms
[2026-04-03 01:21:08,180] INFO api GET /test/user_login/ status=200 user_id=None time=0.00ms
[2026-04-03 01:21:12,102] INFO api GET /test/user_query/ status=200 user_id=None time=0.00ms
[2026-04-03 01:21:20,143] INFO api GET /api/users/dirUser/ status=200 user_id=9 time=7.00ms
[2026-04-03 01:21:23,826] INFO api GET /api/users/dirUser/ status=403 user_id=9 time=5.00ms
[2026-04-03 01:21:25,843] INFO api GET /api/users/dirUser/ status=403 user_id=9 time=6.00ms
[2026-04-03 22:06:24,183] INFO api GET /test/user_login/ status=200 user_id=None time=6.00ms
[2026-04-03 22:06:41,405] INFO api GET /test/pet_action_create/ status=500 user_id=None time=104.68ms
[2026-04-03 22:06:41,606] INFO api GET /favicon.ico status=404 user_id=None time=10.00ms
[2026-04-03 22:11:42,037] INFO api GET /test/pet_action_create/ status=200 user_id=None time=1.00ms
[2026-04-03 22:44:08,229] INFO api POST /api/actions/createAction/ status=401 user_id=None time=3.00ms
[2026-04-03 22:45:55,900] INFO api GET /test/user_login/ status=200 user_id=None time=3.00ms
[2026-04-03 22:46:02,941] INFO api POST /api/users/dirUser/ status=200 user_id=None time=65.02ms
[2026-04-03 22:46:05,486] INFO api POST /api/actions/createAction/ status=401 user_id=None time=0.00ms
[2026-04-03 22:46:06,149] INFO api POST /api/actions/createAction/ status=401 user_id=None time=0.00ms
[2026-04-03 22:46:08,286] INFO api GET /test/pet_action_create/ status=200 user_id=None time=1.00ms
[2026-04-03 22:46:10,522] INFO api POST /api/actions/createAction/ status=401 user_id=None time=0.00ms
[2026-04-03 22:46:26,622] INFO api POST /api/actions/createAction/ status=401 user_id=None time=2.00ms
[2026-04-03 22:49:44,016] INFO api POST /api/users/dirUser/ status=200 user_id=None time=36.01ms
[2026-04-03 22:49:44,784] INFO api POST /api/users/dirUser/ status=200 user_id=None time=6.00ms
[2026-04-03 22:49:45,253] INFO api POST /api/users/dirUser/ status=200 user_id=None time=6.00ms
[2026-04-03 22:49:45,889] INFO api POST /api/users/dirUser/ status=200 user_id=None time=6.00ms
[2026-04-03 22:49:47,765] INFO api POST /api/actions/createAction/ status=401 user_id=None time=1.00ms
[2026-04-03 22:49:48,490] INFO api POST /api/actions/createAction/ status=401 user_id=None time=1.00ms
[2026-04-03 22:49:51,298] INFO api POST /api/actions/createAction/ status=401 user_id=None time=1.00ms
[2026-04-03 22:50:45,902] INFO api GET /test/user_login/ status=200 user_id=None time=6.00ms
[2026-04-03 22:50:55,547] INFO api POST /api/users/dirUser/ status=200 user_id=None time=308.10ms
[2026-04-03 22:51:20,693] INFO api GET /test/user_login/ status=200 user_id=None time=1.00ms
[2026-04-03 22:51:22,833] INFO api GET /test/user_query/ status=200 user_id=None time=1.00ms
[2026-04-03 22:51:32,102] INFO api GET /test/pet_action_create/ status=200 user_id=None time=1.00ms
[2026-04-03 22:51:36,645] INFO api POST /api/actions/createAction/ status=401 user_id=None time=1.00ms
[2026-04-03 22:51:38,607] INFO api POST /api/actions/createAction/ status=401 user_id=None time=1.00ms
[2026-04-03 23:00:11,618] INFO api GET /test/pet_action_create/ status=200 user_id=None time=1.00ms
[2026-04-03 23:00:13,822] INFO api GET /test/pet_action_create/ status=200 user_id=None time=0.00ms
[2026-04-03 23:00:52,922] INFO api GET /test/user_login/ status=200 user_id=None time=1.00ms
[2026-04-03 23:00:57,800] INFO api GET /test/user_create/ status=200 user_id=None time=1.00ms
[2026-04-03 23:01:00,999] INFO api GET /test/user_login/ status=200 user_id=None time=1.00ms
[2026-04-03 23:01:12,522] INFO api POST /api/users/dirUser/ status=200 user_id=None time=331.09ms
[2026-04-03 23:01:19,994] INFO api GET /test/user_login/ status=200 user_id=None time=0.00ms
[2026-04-03 23:01:24,785] INFO api GET /test/user_create/ status=200 user_id=None time=1.00ms
[2026-04-03 23:01:56,717] INFO api GET /test/pet_action_create/ status=200 user_id=None time=0.00ms
[2026-04-03 23:06:38,685] INFO api GET /test/pet_action_create/ status=500 user_id=None time=107.42ms
[2026-04-03 23:06:40,167] INFO api GET /test/pet_action_create/ status=500 user_id=None time=71.61ms
[2026-04-03 23:08:09,075] INFO api GET /test/pet_action_create/ status=500 user_id=None time=73.51ms
[2026-04-03 23:08:10,478] INFO api GET /test/pet_action_create/ status=500 user_id=None time=79.41ms
[2026-04-03 23:09:06,854] INFO api GET /test/pet_action_create/ status=500 user_id=None time=102.56ms
[2026-04-03 23:09:07,814] INFO api GET /test/pet_action_create/ status=500 user_id=None time=73.47ms
[2026-04-03 23:11:46,790] INFO api GET /test/pet_action_create/ status=200 user_id=None time=4.00ms
[2026-04-03 23:12:07,316] INFO api POST /api/actions/createAction/ status=201 user_id=9 time=5389.19ms
[2026-04-03 23:24:16,376] INFO api GET /test/pet_action_query/ status=200 user_id=None time=7.00ms
[2026-04-03 23:26:41,652] INFO api GET /test/pet_action_query/ status=200 user_id=None time=1.00ms
[2026-04-03 23:26:43,095] INFO api GET /test/pet_action_query/ status=200 user_id=None time=1.00ms
[2026-04-03 23:26:59,654] INFO api GET /test/pet_action_query/ status=200 user_id=None time=5.00ms
[2026-04-03 23:27:01,230] INFO api GET /test/pet_action_query/ status=200 user_id=None time=0.00ms
[2026-04-03 23:31:23,342] INFO api GET /test/pet_action_query/ status=500 user_id=None time=124.42ms
[2026-04-03 23:32:12,003] INFO api GET /test/pet_action_query/ status=200 user_id=None time=1.01ms
[2026-04-03 23:33:02,279] INFO api GET /api/actions/dirAction/ status=401 user_id=None time=30.18ms
[2026-04-03 23:33:22,278] INFO api GET /api/actions/dirAction/ status=401 user_id=None time=1.00ms
[2026-04-03 23:33:24,204] INFO api GET /test/pet_action_query/ status=200 user_id=None time=0.00ms
[2026-04-03 23:33:27,520] INFO api GET /api/actions/dirAction/ status=401 user_id=None time=1.00ms
[2026-04-03 23:33:31,731] INFO api GET /api/actions/dirAction/ status=401 user_id=None time=1.00ms
[2026-04-03 23:33:44,617] INFO api GET /api/actions/dirAction/ status=401 user_id=None time=1.00ms
[2026-04-03 23:33:46,009] INFO api GET /api/actions/dirAction/ status=401 user_id=None time=1.00ms
[2026-04-03 23:33:49,248] INFO api POST /api/users/dirUser/ status=200 user_id=None time=307.62ms
[2026-04-03 23:33:52,675] INFO api GET /api/actions/dirAction/ status=200 user_id=9 time=8.00ms
[2026-04-04 01:46:03,185] INFO api GET /test/user_login/ status=200 user_id=None time=5.19ms
[2026-04-04 01:46:03,350] INFO api GET /favicon.ico status=404 user_id=None time=14.57ms
[2026-04-04 01:46:06,715] INFO api POST /api/users/dirUser/ status=400 user_id=None time=5.00ms
[2026-04-04 01:46:09,385] INFO api POST /api/users/dirUser/ status=200 user_id=None time=342.47ms
[2026-04-04 01:46:11,783] INFO api GET /test/user_login/ status=200 user_id=None time=0.00ms
[2026-04-04 01:46:31,678] INFO api GET /test/pet_action_query/ status=200 user_id=None time=0.00ms
[2026-04-04 01:46:35,912] INFO api GET /api/actions/dirAction/ status=200 user_id=9 time=7.98ms
[2026-04-04 01:47:07,439] INFO api GET /test/pet_model_create/ status=500 user_id=None time=82.59ms
[2026-04-04 01:49:17,904] INFO api GET /test/pet_model_create/ status=200 user_id=None time=1.00ms
[2026-04-04 01:49:28,542] INFO api POST /api/pet-models/createModel/ status=201 user_id=9 time=19.97ms
[2026-04-04 01:50:31,209] INFO api POST /api/pet-models/createModel/ status=201 user_id=9 time=10.29ms
[2026-04-04 01:50:40,974] INFO api POST /api/pet-models/createModel/ status=201 user_id=9 time=9.00ms
[2026-04-04 01:50:50,452] INFO api GET /test/pet_model_query/ status=500 user_id=None time=75.03ms
[2026-04-04 01:51:54,896] INFO api GET /test/pet_model_query/ status=200 user_id=None time=1.00ms
[2026-04-04 01:51:59,034] INFO api GET /api/pet-models/dirModel/ status=200 user_id=9 time=9.00ms
[2026-04-04 04:55:42,265] INFO api POST /api/users/dirUser/ status=200 user_id=None time=328.07ms
[2026-04-04 04:57:01,236] INFO api GET /test/user_task_create/ status=500 user_id=None time=109.55ms
[2026-04-04 04:58:57,763] INFO api GET /test/user_task_create/ status=200 user_id=None time=6.00ms
[2026-04-04 04:59:18,956] INFO api POST /api/models/createUserTask/ status=500 user_id=9 time=203.50ms
[2026-04-04 04:59:52,767] INFO api POST /api/models/createUserTask/ status=500 user_id=9 time=188.94ms
[2026-04-04 05:20:21,637] INFO api GET /test/user_task_create/ status=200 user_id=None time=5.00ms
[2026-04-04 05:20:24,786] INFO api POST /api/models/createUserTask/ status=201 user_id=9 time=38.61ms
[2026-04-05 01:30:34,867] INFO api GET /test/user_login/ status=200 user_id=None time=5.39ms
[2026-04-05 01:30:38,448] INFO api GET /favicon.ico status=404 user_id=None time=17.04ms
[2026-04-05 01:30:43,476] INFO api POST /api/users/dirUser/ status=200 user_id=None time=330.42ms
[2026-04-05 01:31:37,421] INFO api GET /test/user_login/ status=200 user_id=None time=0.00ms
[2026-04-05 01:32:13,503] INFO api GET /test/user_task_create/ status=200 user_id=None time=1.00ms
[2026-04-05 01:33:22,346] INFO api GET /test/user_task_update status=404 user_id=None time=12.78ms
[2026-04-05 01:33:22,351] INFO api GET /test/user_task_update/ status=200 user_id=None time=1.00ms
[2026-04-05 01:33:30,338] INFO api PUT /api/models/updateUserTask/ status=200 user_id=9 time=20.43ms
[2026-04-05 01:33:36,138] INFO api PUT /api/models/updateUserTask/ status=200 user_id=9 time=11.66ms
[2026-04-05 01:34:07,774] INFO api GET /test/user_task_query/ status=200 user_id=None time=1.00ms
[2026-04-05 01:34:12,062] INFO api GET /api/models/dirUserTask/ status=200 user_id=9 time=5.00ms
[2026-04-05 01:34:40,721] INFO api GET /test/user_task_create/ status=200 user_id=None time=0.99ms
[2026-04-05 01:34:45,685] INFO api POST /api/models/createUserTask/ status=201 user_id=9 time=12.56ms
[2026-04-05 01:34:56,255] INFO api GET /test/user_task_list status=404 user_id=None time=8.00ms
[2026-04-05 01:34:56,259] INFO api GET /test/user_task_list/ status=200 user_id=None time=1.00ms
[2026-04-05 01:34:58,743] INFO api GET /api/models/dirUserTaskListByUser/ status=200 user_id=9 time=8.16ms
[2026-04-05 01:42:59,944] INFO api GET /test/user_task_create/ status=200 user_id=None time=0.00ms
[2026-04-05 01:43:05,985] INFO api POST /api/models/createUserTask/ status=201 user_id=9 time=8.74ms
[2026-04-05 01:43:42,058] INFO api GET /test/user_task_update/ status=200 user_id=None time=0.00ms
[2026-04-05 01:43:55,388] INFO api PUT /api/models/updateUserTask/ status=200 user_id=9 time=12.20ms
[2026-04-05 01:44:04,982] INFO api PUT /api/models/updateUserTask/ status=200 user_id=9 time=22.68ms
[2026-04-05 01:44:15,196] INFO api GET /test/user_task_query/ status=200 user_id=None time=0.00ms
[2026-04-05 01:44:17,952] INFO api GET /api/models/dirUserTask/ status=200 user_id=9 time=3.34ms
[2026-04-05 01:44:27,008] INFO api GET /test/user_task_list/ status=200 user_id=None time=1.00ms
[2026-04-05 01:44:28,620] INFO api GET /api/models/dirUserTaskListByUser/ status=200 user_id=9 time=14.93ms
[2026-04-05 02:02:49,148] INFO api GET /test/user_login/ status=200 user_id=None time=5.00ms
[2026-04-05 02:02:55,540] INFO api POST /api/users/dirUser/ status=200 user_id=None time=318.75ms
[2026-04-05 02:02:58,218] INFO api GET /test/user_login/ status=200 user_id=None time=0.00ms
[2026-04-05 02:03:12,119] INFO api GET /test/user_task_create/ status=200 user_id=None time=0.00ms
[2026-04-05 02:03:17,196] INFO api POST /api/models/createUserTask/ status=201 user_id=9 time=16.36ms
[2026-04-05 02:03:20,949] INFO api POST /api/models/createUserTask/ status=201 user_id=9 time=14.36ms
[2026-04-05 02:03:24,080] INFO api POST /api/models/createUserTask/ status=400 user_id=9 time=5.00ms
[2026-04-05 02:03:31,990] INFO api GET /test/user_task_list/ status=200 user_id=None time=1.00ms
[2026-04-05 02:03:33,783] INFO api GET /api/models/dirUserTaskListByUser/ status=200 user_id=9 time=11.07ms
[2026-04-05 02:13:45,096] INFO api GET /test/user_task_action_bind status=404 user_id=None time=15.12ms
[2026-04-05 02:13:45,192] INFO api GET /test/user_task_action_bind/ status=500 user_id=None time=92.28ms
[2026-04-05 02:14:36,554] INFO api GET /test/user_task_action_bind/ status=200 user_id=None time=2.00ms
[2026-04-05 02:14:48,261] INFO api POST /api/task-actions/bindActionToTask/ status=500 user_id=9 time=142.07ms
[2026-04-05 02:15:55,953] INFO api POST /api/task-actions/bindActionToTask/ status=201 user_id=9 time=20.15ms
[2026-04-05 02:27:59,634] INFO api POST /api/task-actions/bindActionToTask/ status=400 user_id=9 time=36.82ms
[2026-04-05 02:28:10,750] INFO api POST /api/task-actions/bindActionToTask/ status=400 user_id=9 time=5.00ms
[2026-04-05 02:28:21,429] INFO api GET /test/user_login/ status=200 user_id=None time=5.00ms
[2026-04-05 02:28:27,027] INFO api POST /api/users/dirUser/ status=200 user_id=None time=292.53ms
[2026-04-05 02:28:43,095] INFO api GET /test/pet_action_query/ status=200 user_id=None time=1.00ms
[2026-04-05 02:28:59,672] INFO api GET /test/pet_action_create/ status=200 user_id=None time=1.00ms
[2026-04-05 02:29:06,658] INFO api POST /api/actions/createAction/ status=201 user_id=9 time=9.06ms
[2026-04-05 02:29:19,242] INFO api GET /test/user_task_create/ status=200 user_id=None time=0.00ms
[2026-04-05 02:29:24,248] INFO api POST /api/models/createUserTask/ status=401 user_id=None time=1.06ms
[2026-04-05 02:29:43,701] INFO api GET /test/user_task_create/ status=200 user_id=None time=0.00ms
[2026-04-05 02:30:47,309] INFO api GET /test/user_task_action_bind/ status=200 user_id=None time=1.00ms
[2026-04-05 02:30:50,557] INFO api POST /api/task-actions/bindActionToTask/ status=400 user_id=9 time=7.16ms
[2026-04-05 02:30:54,418] INFO api POST /api/task-actions/bindActionToTask/ status=201 user_id=9 time=14.27ms
[2026-04-05 02:31:06,873] INFO api GET /test/user_task_action_list/ status=200 user_id=None time=1.00ms
[2026-04-05 02:31:13,022] INFO api GET /api/task-actions/dirActionListByTask/ status=200 user_id=9 time=17.22ms
[2026-04-05 02:31:22,176] INFO api GET /test/user_task_action_unbind/ status=200 user_id=None time=1.00ms
[2026-04-05 02:31:26,583] INFO api POST /api/task-actions/unbindActionFromTask/ status=200 user_id=9 time=15.01ms
[2026-04-05 02:31:35,649] INFO api GET /test/user_task_action_list/ status=200 user_id=None time=1.00ms
[2026-04-05 02:31:39,770] INFO api GET /api/task-actions/dirActionListByTask/ status=200 user_id=9 time=10.83ms
[2026-04-05 03:03:49,127] INFO api GET /test/user_login/ status=200 user_id=None time=5.00ms
[2026-04-14 23:27:56,213] INFO api GET /test/user_login/ status=200 user_id=None time=2.97ms
[2026-04-14 23:27:59,957] INFO api GET /test/user_create status=404 user_id=None time=24.11ms
[2026-04-14 23:27:59,958] INFO api GET /test/user_create/ status=200 user_id=None time=0.00ms
[2026-04-14 23:28:00,090] INFO api GET /favicon.ico status=404 user_id=None time=8.90ms
[2026-04-15 00:10:45,128] INFO api GET /test/user_create/ status=200 user_id=None time=9.53ms
[2026-04-15 00:10:45,385] INFO api GET /favicon.ico status=404 user_id=None time=20.18ms
[2026-04-15 00:13:29,267] INFO api POST /api/users/createUser/ status=201 user_id=None time=146046.12ms
[2026-04-17 00:23:16,682] INFO api GET /test/user_create status=404 user_id=None time=7.97ms
[2026-04-17 00:23:16,699] INFO api GET /test/user_create/ status=200 user_id=None time=7.64ms
[2026-04-17 00:23:17,689] INFO api GET /favicon.ico status=404 user_id=None time=8.28ms
[2026-04-17 00:23:59,523] INFO api POST /api/users/createUser/ status=500 user_id=None time=5209.51ms
[2026-04-17 00:30:17,744] INFO api GET /test/user_create/ status=200 user_id=None time=0.00ms
[2026-04-17 00:30:40,994] INFO api POST /api/users/createUser/ status=400 user_id=None time=50.98ms
[2026-04-17 00:35:48,059] INFO api POST /api/users/createUser/ status=400 user_id=None time=5.00ms
[2026-04-17 00:35:53,653] INFO api POST /api/users/createUser/ status=201 user_id=None time=291.39ms
[2026-04-17 00:38:51,152] INFO api POST /api/users/createUser/ status=400 user_id=None time=4.00ms
[2026-04-17 00:39:30,007] INFO api POST /api/users/createUser/ status=400 user_id=None time=60.95ms
[2026-04-17 00:43:20,577] INFO api GET /test/user_create/ status=200 user_id=None time=6.00ms
[2026-04-17 00:43:20,660] INFO api GET /favicon.ico status=404 user_id=None time=12.61ms
[2026-04-17 00:43:34,983] INFO api POST /api/users/createUser/ status=400 user_id=None time=5.00ms
[2026-04-17 00:43:34,991] INFO api POST /api/users/createUser/ status=400 user_id=None time=4.04ms
[2026-04-18 01:47:02,993] INFO api GET /test/user_create status=404 user_id=None time=14.07ms
[2026-04-18 01:47:03,008] INFO api GET /test/user_create/ status=200 user_id=None time=6.00ms
[2026-04-18 01:47:03,361] INFO api GET /favicon.ico status=404 user_id=None time=12.01ms
[2026-04-18 02:27:39,303] INFO api GET /test/user_create/ status=200 user_id=None time=3.37ms
[2026-04-18 02:27:40,300] INFO api GET /favicon.ico status=404 user_id=None time=19.00ms
[2026-04-18 02:30:06,516] INFO api POST /api/users/createUser/ status=400 user_id=None time=65.27ms
[2026-04-18 02:30:06,525] INFO api POST /api/users/createUser/ status=400 user_id=None time=5.00ms
[2026-04-18 02:30:38,943] INFO api POST /api/users/createUser/ status=201 user_id=None time=306.49ms
[2026-04-18 02:32:38,518] INFO api POST /api/users/createUser/ status=201 user_id=None time=298.62ms
[2026-04-18 13:35:35,264] INFO api GET /test/user_create/ status=200 user_id=None time=5.00ms
[2026-04-18 13:35:35,501] INFO api GET /favicon.ico status=404 user_id=None time=18.82ms
[2026-04-18 13:35:50,964] INFO api POST /api/users/createUser/ status=201 user_id=None time=354.14ms
[2026-04-18 13:36:05,296] INFO api GET /test/user_create/ status=200 user_id=None time=1.00ms
[2026-04-18 13:36:10,841] INFO api GET /test/user_login/ status=200 user_id=None time=1.00ms
[2026-04-18 13:36:52,940] INFO api POST /api/users/dirUser/ status=200 user_id=None time=336.94ms
[2026-04-18 13:37:20,656] INFO api GET /test/user_login/ status=200 user_id=None time=0.00ms
[2026-04-18 13:38:09,793] INFO api GET /test/user_query/ status=200 user_id=None time=2.00ms
[2026-04-18 13:38:34,502] INFO api GET /api/users/dirUser/ status=401 user_id=None time=2.00ms
[2026-04-18 13:38:34,508] INFO api GET /api/users/dirUser/ status=401 user_id=None time=2.00ms
[2026-04-18 13:41:21,069] INFO api GET /test/user_login/ status=200 user_id=None time=1.00ms
[2026-04-18 13:41:24,605] INFO api GET /test/user_query/ status=200 user_id=None time=1.00ms
[2026-04-18 13:41:42,590] INFO api GET /api/users/dirUser/ status=401 user_id=None time=1.00ms
[2026-04-18 13:41:42,596] INFO api GET /api/users/dirUser/ status=401 user_id=None time=1.00ms
[2026-04-18 13:43:51,129] INFO api GET /test/user_login/ status=200 user_id=None time=0.00ms
[2026-04-18 13:44:05,834] INFO api POST /api/users/dirUser/ status=200 user_id=None time=290.65ms
[2026-04-18 13:44:12,579] INFO api GET /test/user_login/ status=200 user_id=None time=0.00ms
[2026-04-18 13:44:15,578] INFO api GET /test/user_query/ status=200 user_id=None time=0.00ms
[2026-04-18 13:44:22,807] INFO api GET /api/users/dirUser/ status=401 user_id=None time=0.00ms
[2026-04-18 13:44:22,822] INFO api GET /api/users/dirUser/ status=401 user_id=None time=0.94ms
[2026-04-18 19:06:48,113] INFO api GET /test/user_login/ status=200 user_id=None time=8.06ms
[2026-04-18 19:06:51,571] INFO api GET /favicon.ico status=404 user_id=None time=21.44ms
[2026-04-18 19:07:00,949] INFO api POST /api/users/dirUser/ status=200 user_id=None time=409.31ms
[2026-04-18 19:26:28,544] INFO api GET /test/user_login/ status=200 user_id=None time=1.01ms
[2026-04-18 19:26:37,613] INFO api POST /api/users/dirUser/ status=200 user_id=None time=308.29ms
[2026-04-18 19:26:37,909] INFO api POST /api/users/dirUser/ status=200 user_id=None time=292.60ms
[2026-04-18 19:26:52,193] INFO api GET /test/user_login/ status=200 user_id=None time=0.00ms
[2026-04-18 19:26:56,551] INFO api GET /test/user_query/ status=200 user_id=None time=1.00ms
[2026-04-18 19:27:03,379] INFO api GET /api/users/dirUser/ status=403 user_id=16 time=13.78ms
[2026-04-18 19:27:03,387] INFO api GET /api/users/dirUser/ status=403 user_id=16 time=5.00ms
[2026-04-18 19:27:13,774] INFO api GET /api/users/dirUser/ status=403 user_id=16 time=12.42ms
[2026-04-18 19:27:13,784] INFO api GET /api/users/dirUser/ status=403 user_id=16 time=5.57ms
[2026-04-18 19:27:18,666] INFO api GET /api/users/dirUser/ status=403 user_id=16 time=13.48ms
[2026-04-18 19:27:18,677] INFO api GET /api/users/dirUser/ status=403 user_id=16 time=6.08ms
[2026-04-22 21:04:37,973] INFO api GET /test/user_login/ status=200 user_id=None time=8.17ms
[2026-04-22 21:04:42,746] INFO api GET /test/user status=404 user_id=None time=19.00ms
[2026-04-22 21:04:42,755] INFO api GET /test/user/ status=404 user_id=None time=6.59ms
[2026-04-22 21:04:42,871] INFO api GET /favicon.ico status=404 user_id=None time=13.23ms
[2026-04-22 21:09:08,659] INFO api GET /test/user/ status=404 user_id=None time=9.00ms
[2026-04-22 21:09:10,904] INFO api GET /test/user/ status=404 user_id=None time=7.00ms
[2026-04-22 21:09:30,012] INFO api GET /test/user/ status=200 user_id=None time=5.00ms
[2026-04-22 21:14:19,377] INFO api GET /test/user_task/ status=200 user_id=None time=1.00ms
[2026-04-22 21:14:30,553] INFO api GET /test/pet_model/ status=200 user_id=None time=0.00ms
[2026-04-22 21:15:08,774] INFO api GET /test/user_login/ status=200 user_id=None time=1.00ms
[2026-04-22 21:15:47,422] INFO api POST /api/users/dirUser/ status=200 user_id=None time=338.97ms
[2026-04-22 21:19:44,165] INFO api GET /test/user/ status=200 user_id=None time=0.00ms
[2026-04-22 21:23:47,232] INFO api POST /api/users/createUser/ status=201 user_id=None time=304.88ms
[2026-04-22 21:24:47,261] INFO api GET /test/user_query/ status=200 user_id=None time=2.00ms
[2026-04-22 21:25:27,593] INFO api POST /api/users/dirUser/ status=200 user_id=None time=6.01ms
[2026-04-22 21:27:33,188] INFO api POST /api/users/dirUser/ status=400 user_id=None time=1.22ms
[2026-04-22 21:27:37,626] INFO api POST /api/users/dirUser/ status=400 user_id=None time=2.00ms
[2026-04-22 21:27:41,920] INFO api POST /api/users/dirUser/ status=400 user_id=None time=1.00ms
[2026-04-22 21:27:48,555] INFO api POST /api/users/dirUser/ status=200 user_id=None time=288.06ms
[2026-04-22 21:28:26,043] INFO api GET /api/users/dirUser/ status=401 user_id=None time=1.51ms
[2026-04-22 21:28:30,272] INFO api GET /api/users/dirUser/ status=200 user_id=9 time=7.00ms
[2026-04-22 21:28:34,614] INFO api GET /api/users/dirUser/ status=403 user_id=9 time=5.00ms
[2026-04-22 21:28:41,872] INFO api GET /api/users/dirUser/ status=403 user_id=9 time=6.00ms
[2026-04-22 21:28:46,627] INFO api GET /api/users/dirUser/ status=200 user_id=17 time=6.00ms
[2026-04-22 21:29:46,404] INFO api PUT /api/users/updateUser/ status=200 user_id=17 time=14.49ms
[2026-04-22 21:35:26,762] INFO api POST /api/models/createUserTask/ status=201 user_id=17 time=12.90ms
[2026-04-22 21:36:31,462] INFO api GET /api/models/dirUserTask/ status=404 user_id=17 time=6.31ms
[2026-04-22 21:37:28,203] INFO api GET /api/models/dirUserTaskListByUser/ status=200 user_id=17 time=10.38ms
[2026-04-22 21:37:46,612] INFO api GET /api/models/dirUserTask/ status=200 user_id=17 time=7.07ms
[2026-04-22 21:53:42,288] INFO api GET /test/pet_action/ status=200 user_id=None time=1.00ms
[2026-04-22 21:55:06,370] INFO api POST /api/actions/createAction/ status=201 user_id=17 time=12.11ms
[2026-04-22 22:44:24,591] INFO api GET /test/achievement/ status=200 user_id=None time=6.00ms
[2026-04-23 01:16:09,546] INFO api GET /test/user_login/ status=200 user_id=None time=14.56ms
[2026-04-23 01:16:09,731] INFO api GET /favicon.ico status=404 user_id=None time=30.29ms
[2026-04-23 01:16:19,441] INFO api GET /test/achievement// status=404 user_id=None time=10.00ms
[2026-04-23 01:16:25,683] INFO api GET /test/achievement// status=404 user_id=None time=8.55ms
[2026-04-23 01:16:28,850] INFO api GET /test/achievement/ status=200 user_id=None time=0.00ms
[2026-04-23 01:35:55,407] INFO api GET /test/index/ status=200 user_id=None time=8.00ms
[2026-04-23 01:37:21,542] INFO api GET /test/index/ status=200 user_id=None time=1.00ms
[2026-04-23 01:37:30,254] INFO api GET /test/furniture/ status=200 user_id=None time=1.00ms
[2026-04-23 12:50:12,341] INFO api GET /test/index/ status=200 user_id=None time=27.83ms
[2026-04-23 12:50:12,729] INFO api GET /favicon.ico status=404 user_id=None time=43.45ms
[2026-04-23 12:51:37,574] INFO api GET /test/pet_model/ status=200 user_id=None time=8.42ms
[2026-04-23 12:52:25,663] INFO api GET /test/pet_action/ status=200 user_id=None time=1.42ms
[2026-04-23 12:52:52,460] INFO api GET /test/achievement/ status=200 user_id=None time=8.00ms
[2026-04-23 13:03:04,650] INFO api GET /test/index/ status=200 user_id=None time=16.14ms
[2026-04-23 13:03:36,190] INFO api GET /test/pet_model/ status=200 user_id=None time=0.00ms
[2026-04-23 13:03:46,490] INFO api GET /test/user/ status=200 user_id=None time=8.00ms
[2026-04-23 13:04:10,469] INFO api GET /test/furniture/ status=200 user_id=None time=13.90ms
[2026-04-23 13:04:26,704] INFO api GET /test/user/ status=200 user_id=None time=0.00ms
[2026-04-23 13:04:39,388] INFO api POST /api/users/dirUser/ status=200 user_id=None time=791.26ms
[2026-04-23 13:05:02,703] INFO api GET /test/achievement/ status=200 user_id=None time=9.03ms
[2026-04-23 13:05:11,785] INFO api POST /api/achievement/createAchievement/ status=403 user_id=9 time=13.42ms
[2026-04-23 15:12:17,602] INFO api GET /test/index/ status=200 user_id=None time=22.64ms
[2026-04-23 15:12:17,970] INFO api GET /favicon.ico status=404 user_id=None time=44.59ms
[2026-04-23 15:12:29,812] INFO api GET /test/achievement/ status=200 user_id=None time=5.02ms
[2026-04-23 15:13:06,342] INFO api GET /test/furniture/ status=200 user_id=None time=5.01ms
[2026-04-23 15:47:46,988] INFO api GET /test/furniture/ status=200 user_id=None time=5.00ms
[2026-04-23 15:48:01,474] INFO api GET /test/furniture/ status=200 user_id=None time=4.99ms
[2026-04-23 15:48:08,617] INFO api GET /test/pet_model/ status=200 user_id=None time=5.19ms
[2026-04-23 15:48:46,226] INFO api GET /test/user/ status=200 user_id=None time=5.00ms
[2026-04-23 15:48:53,172] INFO api GET /test/user/ status=200 user_id=None time=0.00ms
[2026-04-23 21:44:16,043] INFO api GET /test/user_login/ status=404 user_id=None time=16.47ms
[2026-04-23 21:44:19,166] INFO api GET /test/index/ status=200 user_id=None time=8.00ms
[2026-04-23 21:44:19,316] INFO api GET /favicon.ico status=404 user_id=None time=9.98ms
[2026-04-23 21:44:22,860] INFO api GET /test/user/ status=200 user_id=None time=1.00ms
[2026-04-23 21:46:37,786] INFO api GET /test/user_task/ status=200 user_id=None time=1.00ms
[2026-04-23 21:46:57,601] INFO api GET /test/user/ status=200 user_id=None time=0.00ms
[2026-04-23 21:54:03,617] INFO api POST /api/users/dirUser/ status=200 user_id=None time=337.38ms
[2026-04-23 21:54:40,679] INFO api POST /api/users/dirUser/ status=200 user_id=None time=293.97ms
[2026-04-23 21:58:20,750] INFO api GET /api/users/dirUser/ status=401 user_id=None time=1.00ms
[2026-04-23 21:58:25,506] INFO api GET /api/users/dirUser/ status=401 user_id=None time=2.00ms
[2026-04-23 21:58:28,849] INFO api GET /api/users/dirUser/ status=401 user_id=None time=1.00ms
[2026-04-23 21:58:47,033] INFO api GET /api/users/dirUser/ status=401 user_id=None time=1.00ms
[2026-04-23 21:58:48,301] INFO api GET /test/user/ status=200 user_id=None time=0.00ms
[2026-04-23 21:58:55,058] INFO api GET /api/users/dirUser/ status=401 user_id=None time=1.00ms
[2026-04-23 21:59:25,172] INFO api POST /api/users/dirUser/ status=200 user_id=None time=13179.17ms
[2026-04-23 22:00:28,714] INFO api GET /api/users/dirUser/ status=200 user_id=9 time=43870.76ms
[2026-04-23 22:00:48,523] INFO api GET /api/users/dirUser/ status=200 user_id=10 time=9.01ms
[2026-04-23 22:00:49,751] INFO api GET /api/users/dirUser/ status=200 user_id=10 time=8.00ms
[2026-04-23 22:00:57,768] INFO api GET /test/user_task/ status=200 user_id=None time=1.00ms
[2026-04-23 22:02:03,622] INFO api GET /api/models/dirUserTaskListByUser/ status=401 user_id=None time=2.00ms
[2026-04-23 22:02:19,849] INFO api GET /api/models/dirUserTaskListByUser/ status=200 user_id=10 time=9.00ms
[2026-04-23 22:02:29,008] INFO api GET /api/models/dirUserTaskListByUser/ status=401 user_id=None time=1.00ms
[2026-04-23 22:03:00,747] INFO api GET /test/user/ status=200 user_id=None time=1.00ms
[2026-04-23 22:03:12,389] INFO api POST /api/users/dirUser/ status=200 user_id=None time=297.22ms
[2026-04-23 22:03:25,698] INFO api GET /test/user_task/ status=200 user_id=None time=1.00ms
[2026-04-23 22:03:29,676] INFO api GET /api/models/dirUserTaskListByUser/ status=200 user_id=9 time=8.00ms
[2026-04-23 22:03:37,518] INFO api GET /api/models/dirUserTaskListByUser/ status=200 user_id=10 time=6.00ms
[2026-04-23 22:03:42,394] INFO api GET /api/models/dirUserTaskListByUser/ status=200 user_id=9 time=9.00ms
[2026-04-23 22:03:46,350] INFO api GET /test/pet_model/ status=200 user_id=None time=2.00ms
[2026-04-23 22:04:36,832] INFO api GET /api/pet-models/dirModel/ status=200 user_id=9 time=6.00ms
[2026-04-23 22:11:39,133] INFO api GET /test/achievement/ status=200 user_id=None time=2.00ms
[2026-04-23 22:11:46,703] INFO api GET /test/pet_action/ status=200 user_id=None time=1.00ms
[2026-04-23 22:11:54,579] INFO api GET /test/pet_action/ status=200 user_id=None time=1.00ms
[2026-04-23 22:14:31,077] INFO api GET /test/pet_action/ status=200 user_id=None time=6.00ms
[2026-04-23 23:56:26,124] INFO api GET /test/pet_action/ status=200 user_id=None time=4.02ms
[2026-04-23 23:58:22,377] INFO api GET /test/pet_model/ status=200 user_id=None time=4.00ms
[2026-04-23 23:58:44,466] INFO api GET /test/pet_action/ status=200 user_id=None time=1.00ms
[2026-04-24 00:00:52,322] INFO api GET /test/pet_model/ status=200 user_id=None time=0.00ms
[2026-04-24 00:01:06,895] INFO api GET /test/index/ status=200 user_id=None time=1.00ms
[2026-04-24 00:01:12,291] INFO api GET /test/user/ status=200 user_id=None time=2.00ms
[2026-04-24 00:01:20,506] INFO api POST /api/users/dirUser/ status=200 user_id=None time=376.98ms
[2026-04-24 00:01:44,166] INFO api GET /api/pet-models/dirModelList/ status=200 user_id=9 time=7.00ms
[2026-04-24 00:01:53,098] INFO api GET /test/pet_model/ status=200 user_id=None time=0.00ms
[2026-04-24 00:02:13,214] INFO api GET /api/pet-models/dirModel/ status=200 user_id=9 time=9.95ms
[2026-04-24 00:02:19,773] INFO api GET /api/pet-models/dirModelList/ status=200 user_id=9 time=6.91ms
[2026-04-24 00:02:51,561] INFO api POST /api/users/dirUser/ status=200 user_id=None time=295.97ms
[2026-04-24 00:03:27,113] INFO api POST /api/pet-models/createModel/ status=403 user_id=9 time=4.00ms
[2026-04-24 00:03:36,720] INFO api POST /api/pet-models/createModel/ status=201 user_id=10 time=21.57ms
[2026-04-24 00:04:04,583] INFO api PUT /api/pet-models/updateModel/ status=200 user_id=10 time=12.01ms
[2026-04-24 00:04:36,723] INFO api PUT /api/pet-models/updateModel/ status=403 user_id=9 time=4.00ms
[2026-04-24 00:04:46,391] INFO api PUT /api/pet-models/updateModel/ status=200 user_id=10 time=19.33ms
[2026-04-24 00:04:51,712] INFO api GET /test/pet_action/ status=200 user_id=None time=1.00ms
[2026-04-24 00:06:26,047] INFO api GET /api/actions/dirAction/ status=200 user_id=9 time=7.77ms
[2026-04-24 00:06:32,858] INFO api GET /api/actions/dirAction/ status=200 user_id=9 time=6.00ms
[2026-04-24 00:06:37,990] INFO api GET /api/actions/dirActionList/ status=200 user_id=9 time=6.06ms
[2026-04-24 00:07:12,741] INFO api POST /api/actions/createAction/ status=403 user_id=9 time=4.00ms
[2026-04-24 00:07:22,966] INFO api POST /api/actions/createAction/ status=201 user_id=10 time=16.24ms
[2026-04-24 00:07:40,142] INFO api PUT /api/actions/updateAction/ status=403 user_id=9 time=5.19ms
[2026-04-24 00:08:02,194] INFO api GET /api/task-actions/dirActionListByTask/ status=200 user_id=9 time=15.70ms
[2026-04-24 00:08:07,006] INFO api GET /api/task-actions/dirActionListByTask/ status=200 user_id=9 time=9.00ms
[2026-04-24 00:08:15,515] INFO api GET /test/achievement/ status=200 user_id=None time=2.00ms
[2026-04-24 00:08:31,892] INFO api GET /test/achievement/ status=200 user_id=None time=1.00ms
[2026-04-24 00:08:33,668] INFO api GET /test/pet_action/ status=200 user_id=None time=0.00ms
[2026-04-24 00:08:38,306] INFO api GET /test/achievement/ status=200 user_id=None time=1.00ms
[2026-04-24 00:10:34,960] INFO api GET /test/achievement/ status=200 user_id=None time=7.00ms
[2026-04-24 00:11:57,364] INFO api POST /api/achievement/createAchievement/ status=401 user_id=None time=40.31ms
[2026-04-24 00:12:05,798] INFO api POST /api/achievement/createAchievement/ status=403 user_id=9 time=7.00ms
[2026-04-24 00:12:11,276] INFO api POST /api/achievement/createAchievement/ status=201 user_id=10 time=19.79ms
[2026-04-24 00:12:56,208] INFO api PUT /api/achievement/updateAchievement/ status=200 user_id=10 time=15.46ms
[2026-04-24 00:13:04,526] INFO api PUT /api/achievement/updateAchievement/ status=403 user_id=9 time=4.00ms
[2026-04-24 00:13:09,190] INFO api GET /api/achievement/dirAchievement/ status=200 user_id=10 time=6.25ms
[2026-04-24 00:13:28,723] INFO api POST /api/achievement/createAchievement/ status=403 user_id=9 time=3.97ms
[2026-04-24 00:13:33,296] INFO api POST /api/achievement/createAchievement/ status=201 user_id=10 time=18.00ms
[2026-04-24 00:13:41,374] INFO api GET /api/achievement/dirAchievement/ status=200 user_id=9 time=6.00ms
[2026-04-24 00:13:49,748] INFO api PUT /api/achievement/updateAchievement/ status=403 user_id=9 time=4.50ms
[2026-04-24 00:13:52,669] INFO api GET /api/achievement/dirAchievementList/ status=200 user_id=9 time=6.00ms
[2026-04-24 00:13:59,687] INFO api GET /api/user-achievement/dirAchievementListByUser/ status=200 user_id=9 time=10.01ms
[2026-04-24 00:14:20,309] INFO api POST /api/user-achievement/bindAchievementToUser/ status=201 user_id=9 time=16.95ms
[2026-04-24 00:14:23,752] INFO api GET /api/user-achievement/dirAchievementListByUser/ status=200 user_id=9 time=6.82ms
[2026-04-24 00:14:57,163] INFO api GET /test/furniture/ status=200 user_id=None time=2.00ms
[2026-04-24 00:17:13,323] INFO api GET /test/furniture/ status=200 user_id=None time=7.00ms
[2026-04-24 00:17:25,813] INFO api POST /api/furniture/createFurniture/ status=403 user_id=9 time=52.35ms
[2026-04-24 00:17:31,367] INFO api POST /api/furniture/createFurniture/ status=201 user_id=10 time=21.82ms
[2026-04-24 00:19:20,307] INFO api GET /api/furniture/dirFurniture/ status=200 user_id=10 time=7.97ms
[2026-04-24 00:19:33,503] INFO api PUT /api/furniture/updateFurniture/ status=200 user_id=10 time=14.25ms
[2026-04-24 00:19:37,137] INFO api GET /api/furniture/dirFurnitureList/ status=200 user_id=10 time=5.40ms
[2026-04-24 00:19:42,954] INFO api GET /api/furniture/dirFurnitureList/ status=200 user_id=9 time=5.00ms
[2026-04-24 00:19:51,894] INFO api PUT /api/furniture/updateFurniture/ status=403 user_id=9 time=4.01ms
[2026-04-24 00:20:00,971] INFO api GET /api/user-furniture/dirFurnitureListByUser/ status=200 user_id=9 time=10.75ms
[2026-04-24 00:21:55,668] INFO api GET /test/playtask/ status=200 user_id=None time=6.00ms
[2026-04-24 00:22:49,268] INFO api GET /test/property/ status=200 user_id=None time=6.00ms
[2026-04-24 00:22:51,207] INFO api GET /test/playtask/ status=200 user_id=None time=1.00ms
[2026-04-24 00:26:02,665] INFO api GET /test/user_task/ status=200 user_id=None time=5.51ms
[2026-04-24 00:27:52,322] INFO api GET /test/user_task/ status=200 user_id=None time=0.00ms
[2026-04-24 00:28:17,116] INFO api GET /test/user_task/ status=200 user_id=None time=1.00ms
[2026-04-24 00:28:27,500] INFO api GET /test/pet_model/ status=200 user_id=None time=2.00ms
[2026-04-24 00:28:36,245] INFO api GET /test/user_task/ status=200 user_id=None time=0.00ms
[2026-04-24 00:29:20,102] INFO api GET /test/pet_model/ status=200 user_id=None time=1.00ms
[2026-04-24 00:29:35,134] INFO api GET /test/user_task/ status=200 user_id=None time=1.00ms
[2026-04-24 19:16:04,845] INFO api GET /test/index/ status=200 user_id=None time=10.00ms
[2026-04-24 19:16:05,079] INFO api GET /favicon.ico status=404 user_id=None time=19.00ms
[2026-04-24 19:16:13,501] INFO api GET /test/user/ status=200 user_id=None time=1.00ms
[2026-04-24 19:17:58,607] INFO api POST /api/users/createUser/ status=400 user_id=None time=17.00ms
[2026-04-24 19:18:05,452] INFO api GET /test/user/ status=200 user_id=None time=0.00ms
[2026-04-24 19:18:06,030] INFO api GET /test/user/ status=200 user_id=None time=0.00ms
[2026-04-24 19:18:06,172] INFO api GET /test/user/ status=200 user_id=None time=1.00ms
[2026-04-24 19:18:20,636] INFO api POST /api/users/createUser/ status=400 user_id=None time=5.00ms
[2026-04-24 19:18:41,986] INFO api GET /test/index/ status=200 user_id=None time=11.01ms
[2026-04-24 19:18:44,075] INFO api GET /favicon.ico status=404 user_id=None time=24.01ms
[2026-04-24 19:18:45,279] INFO api GET /test/user/ status=200 user_id=None time=1.00ms
[2026-04-24 19:18:56,712] INFO api POST /api/users/createUser/ status=400 user_id=None time=8.00ms
[2026-04-24 19:19:31,520] INFO api POST /api/users/dirUser/ status=200 user_id=None time=358.62ms
[2026-04-24 19:20:24,041] INFO api GET /api/users/dirUser/ status=200 user_id=9 time=10.01ms
[2026-04-24 19:22:36,869] INFO api PUT /api/users/updateUser/ status=200 user_id=9 time=18.70ms
[2026-04-24 19:22:52,430] INFO api GET /test/user_task/ status=200 user_id=None time=1.00ms
[2026-04-24 19:23:30,840] INFO api POST /api/models/createUserTask/ status=201 user_id=9 time=16.01ms
[2026-04-24 19:24:36,356] INFO api GET /test/user_task/ status=200 user_id=None time=1.00ms
[2026-04-24 19:24:51,235] INFO api GET /test/user_task/ status=200 user_id=None time=0.00ms
[2026-04-24 19:25:23,645] INFO api GET /api/models/dirUserTask/ status=200 user_id=9 time=8.09ms
[2026-04-24 19:25:53,762] INFO api GET /api/models/dirUserTaskListByUser/ status=401 user_id=None time=1.00ms
[2026-04-24 19:26:07,522] INFO api GET /api/models/dirUserTaskListByUser/ status=200 user_id=9 time=18.66ms
[2026-04-24 19:27:49,534] INFO api GET /test/pet_model/ status=200 user_id=None time=2.00ms
[2026-04-24 19:29:38,750] INFO api POST /api/pet-models/createModel/ status=403 user_id=9 time=4.87ms
[2026-04-24 19:29:59,549] INFO api GET /test/achievement/ status=200 user_id=None time=2.00ms
[2026-04-24 19:30:09,790] INFO api GET /test/achievement/ status=200 user_id=None time=0.00ms
[2026-04-24 19:30:16,953] INFO api GET /test/achievement/ status=200 user_id=None time=0.00ms
[2026-04-24 19:30:23,450] INFO api GET /test/index/ status=200 user_id=None time=0.00ms
[2026-04-24 19:30:25,048] INFO api GET /test/user/ status=200 user_id=None time=0.00ms
[2026-04-24 19:30:34,036] INFO api POST /api/users/dirUser/ status=200 user_id=None time=298.18ms
[2026-04-24 19:31:01,738] INFO api POST /api/achievement/createAchievement/ status=201 user_id=10 time=26.00ms
[2026-04-24 19:32:50,658] INFO api GET /test/user_task/ status=200 user_id=None time=1.00ms
[2026-04-24 19:34:11,284] INFO api GET /test/pet_model/ status=200 user_id=None time=0.00ms
[2026-04-24 19:49:19,326] INFO api GET /test/user_task/ status=200 user_id=None time=1.00ms
[2026-04-28 22:02:32,861] INFO api GET /test/index/ status=200 user_id=None time=8.00ms
[2026-04-28 22:02:33,022] INFO api GET /favicon.ico status=404 user_id=None time=13.70ms
[2026-04-28 22:02:34,378] INFO api GET /test/user_task/ status=200 user_id=None time=1.00ms
[2026-04-28 22:02:51,719] INFO api GET /test/user/ status=200 user_id=None time=1.96ms
[2026-04-28 22:03:59,710] INFO api POST /api/users/dirUser/ status=200 user_id=None time=399.15ms
[2026-04-28 22:04:26,220] INFO api GET /test/user_task/ status=200 user_id=None time=0.00ms
[2026-04-28 22:07:56,123] INFO api POST /api/models/createUserTask/ status=500 user_id=9 time=66874.05ms
[2026-04-28 22:31:54,801] INFO api GET /test/user_task/ status=200 user_id=None time=8.39ms
[2026-04-28 22:32:04,769] INFO api GET /test/index/ status=200 user_id=None time=0.00ms
[2026-04-28 22:32:05,327] INFO api GET /test/user/ status=200 user_id=None time=1.00ms
[2026-04-28 22:32:18,191] INFO api POST /api/users/dirUser/ status=200 user_id=None time=338.29ms
[2026-04-28 22:32:33,864] INFO api GET /test/user_task/ status=200 user_id=None time=0.00ms
[2026-04-28 22:34:29,589] INFO api POST /api/models/createUserTask/ status=500 user_id=9 time=78766.61ms
[2026-04-28 22:48:33,929] INFO api POST /api/models/createUserTask/ status=409 user_id=9 time=45.01ms
[2026-04-28 22:49:06,912] INFO api POST /api/models/createUserTask/ status=500 user_id=9 time=4681.81ms
[2026-04-28 23:01:04,016] INFO api POST /api/models/createUserTask/ status=500 user_id=9 time=60233.47ms
[2026-04-28 23:11:51,919] INFO api POST /api/models/createUserTask/ status=401 user_id=None time=1.00ms
[2026-04-28 23:12:00,622] INFO api GET /test/user/ status=200 user_id=None time=7.00ms
[2026-04-28 23:29:15,246] INFO api POST /api/users/dirUser/ status=200 user_id=None time=300.84ms
[2026-04-28 23:29:36,085] INFO api GET /test/user_task/ status=200 user_id=None time=1.00ms
[2026-04-28 23:30:17,978] INFO api POST /api/models/createUserTask/ status=500 user_id=9 time=27477.30ms
[2026-04-28 23:30:51,895] INFO api POST /api/models/createUserTask/ status=500 user_id=9 time=7626.51ms
[2026-04-28 23:31:10,302] INFO api GET /test/user_task/ status=200 user_id=None time=1.00ms
[2026-04-28 23:32:18,371] INFO api GET /test/index/ status=200 user_id=None time=7.00ms
[2026-04-28 23:32:19,733] INFO api GET /favicon.ico status=404 user_id=None time=22.01ms
[2026-04-28 23:32:21,471] INFO api GET /test/pet_model/ status=200 user_id=None time=1.00ms
[2026-04-28 23:32:31,193] INFO api GET /test/user_task/ status=200 user_id=None time=1.00ms
[2026-04-28 23:33:21,877] INFO api POST /api/models/createUserTask/ status=500 user_id=9 time=28290.73ms
[2026-04-28 23:41:16,555] INFO api GET /test/user_task/ status=200 user_id=None time=7.00ms
[2026-04-28 23:42:02,599] INFO api POST /api/models/createUserTask/ status=500 user_id=9 time=31067.54ms
[2026-04-28 23:43:41,110] INFO api POST /api/models/createUserTask/ status=500 user_id=9 time=93620.10ms
[2026-04-28 23:45:15,984] INFO api POST /api/models/createUserTask/ status=500 user_id=9 time=29799.34ms
[2026-04-28 23:50:15,794] INFO api POST /api/models/createUserTask/ status=201 user_id=9 time=104191.04ms
[2026-04-28 23:50:49,275] INFO api GET /api/models/queryMeshyTask/ status=200 user_id=9 time=933.61ms
[2026-04-28 23:50:55,278] INFO api GET /api/models/queryMeshyTask/ status=200 user_id=9 time=994.43ms
[2026-04-28 23:51:00,381] INFO api GET /api/models/queryMeshyTask/ status=200 user_id=9 time=1092.23ms
[2026-04-28 23:51:05,413] INFO api GET /api/models/queryMeshyTask/ status=200 user_id=9 time=1124.92ms
[2026-04-28 23:51:10,234] INFO api GET /api/models/queryMeshyTask/ status=200 user_id=9 time=944.93ms
[2026-04-28 23:51:15,285] INFO api GET /api/models/queryMeshyTask/ status=200 user_id=9 time=997.53ms
[2026-04-28 23:51:20,258] INFO api GET /api/models/queryMeshyTask/ status=200 user_id=9 time=971.20ms
[2026-04-28 23:51:25,341] INFO api GET /api/models/queryMeshyTask/ status=200 user_id=9 time=1053.65ms
[2026-04-28 23:51:40,367] INFO api GET /api/models/queryMeshyTask/ status=200 user_id=9 time=11082.85ms
[2026-04-28 23:51:40,378] INFO api GET /api/models/queryMeshyTask/ status=200 user_id=9 time=7.00ms
[2026-04-28 23:51:40,387] INFO api GET /api/models/queryMeshyTask/ status=200 user_id=9 time=7.00ms
[2026-04-28 23:54:18,954] INFO api GET /api/models/queryMeshyTask/ status=200 user_id=9 time=46.02ms
[2026-04-28 23:54:21,379] INFO api GET /test/user_task/ status=200 user_id=None time=7.01ms
[2026-04-28 23:54:38,187] INFO api GET /api/models/queryMeshyTask/ status=200 user_id=9 time=19.00ms
[2026-04-28 23:56:23,246] INFO api POST /api/models/createUserTask/ status=201 user_id=9 time=17091.92ms
[2026-04-28 23:56:38,157] INFO api GET /api/models/queryMeshyTask/ status=200 user_id=9 time=1143.50ms
[2026-04-28 23:56:44,094] INFO api GET /api/models/queryMeshyTask/ status=200 user_id=9 time=929.48ms
[2026-04-28 23:56:49,160] INFO api GET /api/models/queryMeshyTask/ status=200 user_id=9 time=985.71ms
[2026-04-28 23:56:54,282] INFO api GET /api/models/queryMeshyTask/ status=200 user_id=9 time=1108.44ms
[2026-04-28 23:56:59,228] INFO api GET /api/models/queryMeshyTask/ status=200 user_id=9 time=1057.57ms
[2026-04-28 23:57:04,141] INFO api GET /api/models/queryMeshyTask/ status=200 user_id=9 time=976.05ms
[2026-04-28 23:57:09,272] INFO api GET /api/models/queryMeshyTask/ status=200 user_id=9 time=1102.41ms
[2026-04-28 23:57:14,120] INFO api GET /api/models/queryMeshyTask/ status=200 user_id=9 time=942.90ms
[2026-04-28 23:57:19,092] INFO api GET /api/models/queryMeshyTask/ status=200 user_id=9 time=925.76ms
[2026-04-28 23:57:33,714] INFO api GET /api/models/queryMeshyTask/ status=200 user_id=9 time=10542.24ms
[2026-04-28 23:57:33,726] INFO api GET /api/models/queryMeshyTask/ status=200 user_id=9 time=8.00ms
[2026-04-28 23:57:33,735] INFO api GET /api/models/queryMeshyTask/ status=200 user_id=9 time=7.00ms
[2026-04-29 00:07:12,830] INFO api GET /test/user_task/ status=200 user_id=None time=6.00ms
[2026-04-29 00:09:23,661] INFO api POST /api/models/createUserTask/ status=401 user_id=None time=37.01ms
[2026-04-29 00:09:27,871] INFO api GET /test/user/ status=200 user_id=None time=2.00ms
[2026-04-29 00:09:37,268] INFO api POST /api/users/dirUser/ status=200 user_id=None time=304.13ms
[2026-04-29 00:09:59,324] INFO api GET /test/user_task/ status=200 user_id=None time=0.00ms
[2026-04-29 00:11:56,422] INFO api POST /api/models/createUserTask/ status=201 user_id=9 time=92745.99ms
[2026-04-29 00:12:29,290] INFO api GET /api/models/queryMeshyTask/ status=200 user_id=9 time=1009.37ms
[2026-04-29 00:12:36,043] INFO api GET /api/models/queryMeshyTask/ status=200 user_id=9 time=929.77ms
[2026-04-29 00:12:41,034] INFO api GET /api/models/queryMeshyTask/ status=200 user_id=9 time=923.25ms
[2026-04-29 00:12:58,460] INFO api GET /api/models/queryMeshyTask/ status=200 user_id=9 time=13346.38ms
[2026-04-29 00:12:58,470] INFO api GET /api/models/queryMeshyTask/ status=200 user_id=9 time=7.00ms
[2026-04-29 00:12:58,479] INFO api GET /api/models/queryMeshyTask/ status=200 user_id=9 time=7.00ms
[2026-04-29 00:53:12,286] INFO api GET /test/pet_model/ status=200 user_id=None time=6.82ms
[2026-04-29 01:03:10,834] INFO api GET /test/pet_model/ status=200 user_id=None time=6.00ms
[2026-04-29 01:03:15,055] INFO api GET /test/user_task/ status=200 user_id=None time=1.00ms
[2026-04-29 01:09:36,022] INFO api GET /test/user/ status=200 user_id=None time=1.64ms
[2026-04-29 01:09:45,776] INFO api POST /api/users/dirUser/ status=200 user_id=None time=341.32ms
[2026-04-29 01:09:56,650] INFO api GET /test/user_task/ status=200 user_id=None time=0.00ms
[2026-04-29 01:10:13,249] INFO api POST /api/models/createUserTask/ status=201 user_id=9 time=6902.06ms
[2026-04-29 01:10:23,391] INFO api GET /api/models/queryMeshyTask/ status=200 user_id=9 time=1763.45ms
[2026-04-29 01:10:30,974] INFO api GET /api/models/queryMeshyTask/ status=200 user_id=9 time=1858.47ms
[2026-04-29 01:10:36,081] INFO api GET /api/models/queryMeshyTask/ status=200 user_id=9 time=1972.22ms
[2026-04-29 01:10:41,050] INFO api GET /api/models/queryMeshyTask/ status=200 user_id=9 time=1935.90ms
[2026-04-29 01:10:45,410] INFO api GET /api/models/queryMeshyTask/ status=200 user_id=9 time=2002.30ms
[2026-04-29 01:10:50,157] INFO api GET /api/models/queryMeshyTask/ status=200 user_id=9 time=1760.11ms
[2026-04-29 01:10:55,124] INFO api GET /api/models/queryMeshyTask/ status=200 user_id=9 time=1723.50ms
[2026-04-29 01:11:00,998] INFO api GET /api/models/queryMeshyTask/ status=200 user_id=9 time=1880.04ms
[2026-04-29 01:11:06,373] INFO api GET /api/models/queryMeshyTask/ status=200 user_id=9 time=2253.60ms
[2026-04-29 01:11:10,855] INFO api GET /api/models/queryMeshyTask/ status=200 user_id=9 time=1959.95ms
[2026-04-29 01:11:15,180] INFO api GET /api/models/queryMeshyTask/ status=200 user_id=9 time=1778.88ms
[2026-04-29 01:11:20,240] INFO api GET /api/models/queryMeshyTask/ status=200 user_id=9 time=1835.90ms
[2026-04-29 01:11:33,732] INFO api GET /api/models/queryMeshyTask/ status=200 user_id=9 time=10325.99ms
[2026-04-29 01:11:33,744] INFO api GET /api/models/queryMeshyTask/ status=200 user_id=9 time=9.00ms
[2026-04-29 01:11:33,755] INFO api GET /api/models/queryMeshyTask/ status=200 user_id=9 time=8.00ms
[2026-04-29 04:32:33,085] INFO api GET /test/index/ status=200 user_id=None time=8.00ms
[2026-04-29 04:32:34,165] INFO api GET /favicon.ico status=404 user_id=None time=18.07ms
[2026-04-29 04:32:35,808] INFO api GET /test/user/ status=200 user_id=None time=1.00ms
[2026-04-30 13:49:25,870] INFO api GET /test/index/ status=200 user_id=None time=20.00ms
[2026-04-30 13:49:26,856] INFO api GET /favicon.ico status=404 user_id=None time=40.02ms
[2026-04-30 13:49:28,665] INFO api GET /test/user/ status=200 user_id=None time=5.01ms
[2026-04-30 13:51:00,674] INFO api POST /api/users/createUser/ status=201 user_id=None time=802.11ms
[2026-04-30 13:51:32,039] INFO api POST /api/users/dirUser/ status=200 user_id=None time=851.85ms
[2026-04-30 13:51:39,876] INFO api GET /test/user_task/ status=200 user_id=None time=11.16ms
[2026-04-30 13:52:18,442] INFO api POST /api/models/createUserTask/ status=500 user_id=18 time=11384.63ms
[2026-04-30 18:57:29,079] INFO api GET /login/ status=404 user_id=None time=19.84ms
[2026-04-30 18:57:46,431] INFO api GET /login/ status=404 user_id=None time=10.00ms
[2026-04-30 22:57:05,493] INFO api GET /test/index/ status=200 user_id=None time=8.33ms
[2026-04-30 22:57:08,477] INFO api GET /test/user_task/ status=200 user_id=None time=2.00ms
[2026-04-30 22:57:22,819] INFO api GET /test/user/ status=200 user_id=None time=2.00ms
[2026-04-30 22:58:44,602] INFO api POST /api/users/createUser/ status=201 user_id=None time=433.29ms
[2026-04-30 22:58:59,065] INFO api POST /api/users/dirUser/ status=200 user_id=None time=386.94ms
[2026-04-30 22:59:21,903] INFO api GET /test/user_task/ status=200 user_id=None time=1.00ms
[2026-04-30 22:59:29,148] INFO api GET /api/models/dirUserTaskListByUser/ status=200 user_id=19 time=11.00ms
[2026-04-30 22:59:56,839] INFO api POST /api/models/createUserTask/ status=201 user_id=19 time=7497.92ms
[2026-04-30 23:00:01,525] INFO api GET /api/models/queryMeshyTask/ status=200 user_id=19 time=1537.28ms
[2026-04-30 23:00:08,221] INFO api GET /api/models/queryMeshyTask/ status=200 user_id=19 time=1685.49ms
[2026-04-30 23:00:13,177] INFO api GET /api/models/queryMeshyTask/ status=200 user_id=19 time=1641.42ms
[2026-04-30 23:00:18,093] INFO api GET /api/models/queryMeshyTask/ status=200 user_id=19 time=1558.94ms
[2026-04-30 23:00:22,913] INFO api GET /api/models/queryMeshyTask/ status=200 user_id=19 time=1377.59ms
[2026-04-30 23:00:28,105] INFO api GET /api/models/queryMeshyTask/ status=200 user_id=19 time=1569.52ms
[2026-04-30 23:00:32,921] INFO api GET /api/models/queryMeshyTask/ status=200 user_id=19 time=1384.61ms
[2026-04-30 23:00:38,297] INFO api GET /api/models/queryMeshyTask/ status=200 user_id=19 time=1762.33ms
[2026-04-30 23:00:43,127] INFO api GET /api/models/queryMeshyTask/ status=200 user_id=19 time=1593.39ms
[2026-04-30 23:00:56,817] INFO api GET /api/models/queryMeshyTask/ status=200 user_id=19 time=10285.24ms
[2026-04-30 23:00:56,828] INFO api GET /api/models/queryMeshyTask/ status=200 user_id=19 time=8.00ms
[2026-04-30 23:00:56,839] INFO api GET /api/models/queryMeshyTask/ status=200 user_id=19 time=9.00ms
[2026-05-03 13:48:44,326] INFO api GET /login/ status=404 user_id=None time=16.04ms
[2026-05-03 13:48:52,334] INFO api GET /index status=404 user_id=None time=9.12ms
[2026-05-03 13:48:58,659] INFO api GET /test/index status=404 user_id=None time=9.00ms
[2026-05-03 13:48:58,671] INFO api GET /test/index/ status=200 user_id=None time=7.51ms
[2026-05-03 13:49:00,583] INFO api GET /test/user/ status=200 user_id=None time=2.00ms
[2026-05-03 13:49:18,633] INFO api POST /api/users/createUser/ status=201 user_id=None time=322.01ms
[2026-05-03 13:49:25,562] INFO api POST /api/users/dirUser/ status=200 user_id=None time=346.35ms
[2026-05-03 13:49:39,429] INFO api GET /test/user_task/ status=200 user_id=None time=1.00ms
[2026-05-03 13:50:11,607] INFO api POST /api/models/createUserTask/ status=201 user_id=20 time=16469.42ms
[2026-05-03 13:50:20,287] INFO api GET /api/models/queryMeshyTask/ status=500 user_id=20 time=2568.81ms
[2026-05-03 13:50:27,088] INFO api GET /api/models/queryMeshyTask/ status=500 user_id=20 time=2777.87ms
[2026-05-03 13:50:34,225] INFO api GET /api/models/queryMeshyTask/ status=500 user_id=20 time=2109.64ms
[2026-05-03 13:50:39,278] INFO api GET /api/models/queryMeshyTask/ status=500 user_id=20 time=2158.23ms
[2026-05-03 13:50:44,241] INFO api GET /api/models/queryMeshyTask/ status=500 user_id=20 time=2121.59ms
[2026-05-03 13:50:49,328] INFO api GET /api/models/queryMeshyTask/ status=500 user_id=20 time=2206.68ms
[2026-05-03 13:50:54,250] INFO api GET /api/models/queryMeshyTask/ status=500 user_id=20 time=2137.02ms
[2026-05-03 13:51:26,197] INFO api GET /api/models/queryMeshyTask/ status=500 user_id=20 time=29076.41ms
[2026-05-03 13:51:26,275] INFO api GET /api/models/queryMeshyTask/ status=500 user_id=20 time=74.50ms
[2026-05-03 13:51:26,358] INFO api GET /api/models/queryMeshyTask/ status=500 user_id=20 time=81.55ms
[2026-05-03 13:51:26,458] INFO api GET /api/models/queryMeshyTask/ status=500 user_id=20 time=4340.93ms
[2026-05-03 13:51:26,507] INFO api GET /api/models/queryMeshyTask/ status=500 user_id=20 time=143.03ms
[2026-05-03 13:51:26,582] INFO api GET /api/models/queryMeshyTask/ status=500 user_id=20 time=72.25ms
[2026-05-03 13:51:48,885] INFO api GET /api/models/queryMeshyTask/ status=200 user_id=20 time=45.01ms
[2026-05-03 13:52:40,891] INFO api GET /meshy_images/3b6f3d52-9d51-4030-b63c-ad2581e8dd44/texture_0_base_color.png status=404 user_id=None time=15.64ms
[2026-05-08 13:21:00,621] INFO api GET /test/index/ status=200 user_id=None time=25.55ms
[2026-05-08 13:21:00,988] INFO api GET /favicon.ico status=404 user_id=None time=45.02ms
[2026-05-08 13:21:07,874] INFO api GET /test/user_task/ status=200 user_id=None time=4.88ms
[2026-05-08 13:21:12,292] INFO api GET /test/user/ status=200 user_id=None time=0.00ms
[2026-05-08 13:21:25,998] INFO api POST /api/users/createUser/ status=201 user_id=None time=781.46ms
[2026-05-08 13:21:37,356] INFO api POST /api/users/dirUser/ status=200 user_id=None time=874.71ms
[2026-05-08 13:21:58,859] INFO api GET /test/user_task/ status=200 user_id=None time=0.00ms
[2026-05-08 13:22:08,275] INFO api POST /api/models/createUserTask/ status=401 user_id=None time=5.00ms
[2026-05-08 13:22:17,972] INFO api POST /api/models/createUserTask/ status=401 user_id=None time=5.00ms
[2026-05-08 13:22:18,798] INFO api POST /api/models/createUserTask/ status=401 user_id=None time=5.01ms
[2026-05-08 13:22:26,067] INFO api GET /test/user_task/ status=200 user_id=None time=0.00ms
[2026-05-08 13:22:37,656] INFO api GET /test/user_task/ status=200 user_id=None time=0.00ms
[2026-05-08 13:22:55,350] INFO api GET /test/user/ status=200 user_id=None time=0.00ms
[2026-05-08 13:23:14,481] INFO api POST /api/users/dirUser/ status=200 user_id=None time=698.46ms
[2026-05-08 13:23:23,773] INFO api GET /test/user_task/ status=200 user_id=None time=0.00ms
[2026-05-08 13:23:51,349] INFO api POST /api/models/createUserTask/ status=500 user_id=21 time=18466.87ms
[2026-05-08 13:26:38,405] INFO api GET /test/index/ status=200 user_id=None time=15.00ms
[2026-05-08 13:26:39,300] INFO api GET /test/user/ status=200 user_id=None time=0.00ms
[2026-05-08 13:26:52,857] INFO api POST /api/users/createUser/ status=201 user_id=None time=764.63ms
[2026-05-08 13:27:05,554] INFO api POST /api/users/dirUser/ status=200 user_id=None time=858.23ms
[2026-05-08 13:27:27,435] INFO api GET /test/user_task/ status=200 user_id=None time=5.00ms
[2026-05-08 13:27:46,555] INFO api POST /api/models/createUserTask/ status=500 user_id=22 time=11994.21ms
[2026-05-08 13:44:39,486] INFO api GET /test/user_task/ status=200 user_id=None time=14.75ms
[2026-05-08 13:44:42,326] INFO api GET /test/user/ status=200 user_id=None time=3.19ms
[2026-05-08 13:44:52,924] INFO api POST /api/users/createUser/ status=201 user_id=None time=732.72ms
[2026-05-08 13:45:00,892] INFO api POST /api/users/dirUser/ status=200 user_id=None time=795.78ms
[2026-05-08 13:45:12,793] INFO api GET /test/user_task/ status=200 user_id=None time=0.00ms
[2026-05-08 13:45:30,072] INFO api POST /api/models/createUserTask/ status=500 user_id=23 time=10626.53ms
[2026-05-08 13:56:15,626] INFO api GET /test/user_task/ status=200 user_id=None time=20.01ms
[2026-05-08 13:56:40,664] INFO api POST /api/models/createUserTask/ status=201 user_id=23 time=10388.43ms
[2026-05-08 13:56:59,704] INFO api GET /api/models/queryMeshyTask/ status=500 user_id=23 time=5046.10ms
[2026-05-08 13:57:04,411] INFO api GET /api/models/queryMeshyTask/ status=200 user_id=23 time=15.00ms
[2026-05-08 13:57:11,593] INFO api GET /api/models/queryMeshyTask/ status=200 user_id=23 time=20.00ms
[2026-05-08 13:57:12,225] INFO api GET /api/models/queryMeshyTask/ status=200 user_id=23 time=15.01ms
[2026-05-08 13:59:43,680] INFO api GET /test/user/ status=200 user_id=None time=14.99ms
[2026-05-08 13:59:58,147] INFO api POST /api/users/createUser/ status=201 user_id=None time=776.87ms
[2026-05-08 14:00:07,489] INFO api POST /api/users/dirUser/ status=200 user_id=None time=829.66ms
[2026-05-08 14:00:21,664] INFO api GET /test/user_task/ status=200 user_id=None time=0.00ms
[2026-05-08 14:00:40,337] INFO api POST /api/models/createUserTask/ status=201 user_id=24 time=10781.83ms
[2026-05-08 14:01:07,527] INFO api GET /api/models/queryMeshyTask/ status=500 user_id=24 time=4092.82ms
[2026-05-08 14:01:17,575] INFO api GET /api/models/queryMeshyTask/ status=500 user_id=24 time=5032.76ms
[2026-05-08 14:01:18,133] INFO api GET /api/models/queryMeshyTask/ status=200 user_id=24 time=14.98ms
[2026-05-08 14:03:33,134] INFO api GET /test/user/ status=200 user_id=None time=20.00ms
[2026-05-08 14:03:43,879] INFO api POST /api/users/createUser/ status=201 user_id=None time=757.59ms
[2026-05-08 14:03:53,590] INFO api POST /api/users/dirUser/ status=200 user_id=None time=829.00ms
[2026-05-08 14:04:07,392] INFO api GET /test/user_task/ status=200 user_id=None time=5.00ms
[2026-05-08 14:04:27,082] INFO api POST /api/models/createUserTask/ status=201 user_id=25 time=10780.31ms
[2026-05-08 14:04:39,441] INFO api GET /api/models/queryMeshyTask/ status=500 user_id=25 time=2925.16ms
[2026-05-08 14:04:47,384] INFO api GET /api/models/queryMeshyTask/ status=500 user_id=25 time=2270.88ms
[2026-05-08 14:04:53,696] INFO api GET /api/models/queryMeshyTask/ status=500 user_id=25 time=3581.12ms
[2026-05-08 14:04:57,295] INFO api GET /api/models/queryMeshyTask/ status=500 user_id=25 time=2178.29ms
[2026-05-08 14:05:01,994] INFO api GET /api/models/queryMeshyTask/ status=500 user_id=25 time=2529.09ms
[2026-05-08 14:05:07,042] INFO api GET /api/models/queryMeshyTask/ status=500 user_id=25 time=2585.57ms
[2026-05-08 14:05:29,271] INFO api GET /api/models/queryMeshyTask/ status=200 user_id=25 time=19151.38ms
[2026-05-08 14:05:29,296] INFO api GET /api/models/queryMeshyTask/ status=200 user_id=25 time=20.00ms
[2026-05-08 14:05:29,321] INFO api GET /api/models/queryMeshyTask/ status=200 user_id=25 time=15.00ms
[2026-05-08 14:05:29,342] INFO api GET /api/models/queryMeshyTask/ status=200 user_id=25 time=15.87ms
[2026-05-08 14:07:54,286] INFO api GET /test/user/ status=200 user_id=None time=14.92ms
[2026-05-08 14:08:04,628] INFO api POST /api/users/createUser/ status=201 user_id=None time=820.34ms
[2026-05-08 14:08:13,153] INFO api POST /api/users/dirUser/ status=200 user_id=None time=845.70ms
[2026-05-08 14:08:25,317] INFO api GET /test/user_task/ status=200 user_id=None time=5.00ms
[2026-05-08 14:08:42,949] INFO api POST /api/models/createUserTask/ status=201 user_id=26 time=10753.90ms
[2026-05-08 14:08:57,572] INFO api GET /api/models/queryMeshyTask/ status=200 user_id=26 time=1922.55ms
[2026-05-08 14:09:06,068] INFO api GET /api/models/queryMeshyTask/ status=200 user_id=26 time=2958.52ms
[2026-05-08 14:09:10,170] INFO api GET /api/models/queryMeshyTask/ status=200 user_id=26 time=2572.71ms
[2026-05-08 14:09:16,001] INFO api GET /api/models/queryMeshyTask/ status=200 user_id=26 time=3407.85ms
[2026-05-08 14:09:20,924] INFO api GET /api/models/queryMeshyTask/ status=200 user_id=26 time=3335.66ms
[2026-05-08 14:09:26,048] INFO api GET /api/models/queryMeshyTask/ status=200 user_id=26 time=3461.12ms
[2026-05-08 14:10:22,832] INFO api GET /api/models/queryMeshyTask/ status=200 user_id=26 time=9716.05ms
[2026-05-08 14:10:22,832] INFO api GET /api/models/queryMeshyTask/ status=200 user_id=26 time=24606.04ms
[2026-05-08 14:10:22,887] INFO api GET /api/models/queryMeshyTask/ status=200 user_id=26 time=20.00ms
[2026-05-08 14:10:23,070] INFO api GET /api/models/queryMeshyTask/ status=200 user_id=26 time=29947.56ms
[2026-05-08 14:10:23,150] INFO api GET /api/models/queryMeshyTask/ status=200 user_id=26 time=20551.64ms
[2026-05-08 14:10:23,175] INFO api GET /api/models/queryMeshyTask/ status=200 user_id=26 time=65.03ms
[2026-05-08 14:10:23,180] INFO api GET /api/models/queryMeshyTask/ status=200 user_id=26 time=15036.96ms
[2026-05-08 14:10:23,225] INFO api GET /api/models/queryMeshyTask/ status=200 user_id=26 time=55636.13ms
[2026-05-08 14:10:23,245] INFO api GET /api/models/queryMeshyTask/ status=200 user_id=26 time=15.02ms
[2026-05-08 14:10:23,265] INFO api GET /api/models/queryMeshyTask/ status=200 user_id=26 time=15.01ms
[2026-05-08 14:11:48,728] INFO api GET /api/models/queryMeshyTask/ status=200 user_id=26 time=20.00ms
[2026-05-08 14:11:52,431] INFO api GET /api/models/queryMeshyTask/ status=200 user_id=26 time=15.00ms
[2026-05-08 14:11:53,039] INFO api GET /api/models/queryMeshyTask/ status=200 user_id=26 time=20.00ms
[2026-05-08 14:11:53,326] INFO api GET /api/models/queryMeshyTask/ status=200 user_id=26 time=15.00ms
[2026-05-08 14:11:53,477] INFO api GET /api/models/queryMeshyTask/ status=200 user_id=26 time=20.02ms
[2026-05-08 14:11:53,631] INFO api GET /api/models/queryMeshyTask/ status=200 user_id=26 time=15.01ms
[2026-05-08 14:11:54,330] INFO api GET /api/models/queryMeshyTask/ status=200 user_id=26 time=15.16ms
[2026-05-08 14:11:58,970] INFO api GET /api/models/queryMeshyTask/ status=200 user_id=26 time=17.53ms
[2026-05-08 14:12:00,192] INFO api GET /api/models/queryMeshyTask/ status=200 user_id=26 time=15.02ms
[2026-05-08 14:12:01,923] INFO api GET /api/models/queryMeshyTask/ status=200 user_id=26 time=15.00ms
[2026-05-08 14:12:16,590] INFO api GET /test/user_task/ status=200 user_id=None time=0.00ms
[2026-05-08 14:12:22,852] INFO api GET /api/models/queryMeshyTask/ status=200 user_id=26 time=19.15ms
[2026-05-08 14:12:49,188] INFO api GET /api/models/queryMeshyTask/ status=200 user_id=26 time=16.01ms
[2026-05-08 14:12:50,029] INFO api GET /api/models/queryMeshyTask/ status=200 user_id=26 time=15.00ms
[2026-05-08 14:12:50,535] INFO api GET /api/models/queryMeshyTask/ status=200 user_id=26 time=15.00ms
[2026-05-08 14:12:59,554] INFO api GET /test/user/ status=200 user_id=None time=5.00ms
[2026-05-08 14:13:09,938] INFO api POST /api/users/createUser/ status=201 user_id=None time=773.43ms
[2026-05-08 14:13:18,279] INFO api POST /api/users/dirUser/ status=200 user_id=None time=823.06ms
[2026-05-08 14:13:37,870] INFO api GET /test/user_task/ status=200 user_id=None time=5.00ms
[2026-05-08 14:14:12,848] INFO api POST /api/models/createUserTask/ status=201 user_id=27 time=9402.88ms
[2026-05-08 14:14:19,521] INFO api GET /api/models/queryMeshyTask/ status=200 user_id=27 time=3267.93ms
[2026-05-08 14:14:26,890] INFO api GET /api/models/queryMeshyTask/ status=200 user_id=27 time=2356.79ms
[2026-05-08 14:14:31,771] INFO api GET /api/models/queryMeshyTask/ status=200 user_id=27 time=2235.94ms
[2026-05-08 14:14:39,074] INFO api GET /api/models/queryMeshyTask/ status=200 user_id=27 time=3966.19ms
[2026-05-08 14:14:42,965] INFO api GET /api/models/queryMeshyTask/ status=200 user_id=27 time=2852.48ms
[2026-05-08 14:14:47,884] INFO api GET /api/models/queryMeshyTask/ status=200 user_id=27 time=2760.90ms
[2026-05-08 14:14:52,898] INFO api GET /api/models/queryMeshyTask/ status=200 user_id=27 time=2775.32ms
[2026-05-08 14:14:58,837] INFO api GET /api/models/queryMeshyTask/ status=200 user_id=27 time=3713.54ms
[2026-05-08 14:21:48,781] INFO api GET /test/user/ status=200 user_id=None time=15.00ms
[2026-05-08 14:22:00,402] INFO api POST /api/users/createUser/ status=201 user_id=None time=727.17ms
[2026-05-08 14:22:08,732] INFO api POST /api/users/dirUser/ status=200 user_id=None time=789.09ms
[2026-05-08 14:22:38,166] INFO api GET /test/user_task/ status=200 user_id=None time=0.00ms
[2026-05-08 14:22:54,758] INFO api POST /api/models/createUserTask/ status=201 user_id=28 time=10705.78ms
[2026-05-08 14:23:05,195] INFO api GET /api/models/queryMeshyTask/ status=200 user_id=28 time=5728.51ms
[2026-05-08 14:23:13,635] INFO api GET /api/models/queryMeshyTask/ status=200 user_id=28 time=3413.46ms
[2026-05-08 14:23:19,585] INFO api GET /api/models/queryMeshyTask/ status=200 user_id=28 time=3472.33ms
[2026-05-08 14:23:23,272] INFO api GET /api/models/queryMeshyTask/ status=200 user_id=28 time=2158.38ms
[2026-05-08 14:23:29,121] INFO api GET /api/models/queryMeshyTask/ status=200 user_id=28 time=3006.20ms
[2026-05-08 14:23:33,602] INFO api GET /api/models/queryMeshyTask/ status=200 user_id=28 time=2489.81ms
[2026-05-08 14:26:44,605] INFO api GET /api/models/queryMeshyTask/ status=200 user_id=28 time=27457.04ms
[2026-05-08 14:26:44,605] INFO api GET /api/models/queryMeshyTask/ status=200 user_id=28 time=5859.59ms
[2026-05-08 14:28:53,590] INFO api GET /test/user/ status=200 user_id=None time=15.01ms
[2026-05-08 14:29:03,480] INFO api POST /api/users/createUser/ status=201 user_id=None time=841.00ms
[2026-05-08 14:29:14,840] INFO api POST /api/users/dirUser/ status=200 user_id=None time=727.52ms
[2026-05-08 14:29:25,423] INFO api GET /test/pet_model/ status=200 user_id=None time=4.99ms
[2026-05-08 14:29:27,948] INFO api GET /test/user_task/ status=200 user_id=None time=5.00ms
[2026-05-08 14:29:46,478] INFO api POST /api/models/createUserTask/ status=201 user_id=29 time=11576.02ms
[2026-05-08 14:29:54,650] INFO api GET /api/models/queryMeshyTask/ status=200 user_id=29 time=3976.22ms
[2026-05-08 14:30:03,342] INFO api GET /api/models/queryMeshyTask/ status=200 user_id=29 time=3230.77ms
[2026-05-08 14:30:07,666] INFO api GET /api/models/queryMeshyTask/ status=200 user_id=29 time=2547.72ms
[2026-05-08 14:30:14,299] INFO api GET /api/models/queryMeshyTask/ status=200 user_id=29 time=4180.78ms
[2026-05-08 14:30:17,575] INFO api GET /api/models/queryMeshyTask/ status=200 user_id=29 time=2459.32ms
[2026-05-08 14:30:23,102] INFO api GET /api/models/queryMeshyTask/ status=200 user_id=29 time=2979.97ms
[2026-05-08 14:30:27,506] INFO api GET /api/models/queryMeshyTask/ status=200 user_id=29 time=2384.81ms
[2026-05-08 14:30:32,524] INFO api GET /api/models/queryMeshyTask/ status=200 user_id=29 time=2410.25ms
[2026-05-08 14:30:37,642] INFO api GET /api/models/queryMeshyTask/ status=200 user_id=29 time=2520.17ms
[2026-05-08 14:30:43,693] INFO api GET /api/models/queryMeshyTask/ status=200 user_id=29 time=3576.27ms
[2026-05-08 14:30:48,805] INFO api GET /api/models/queryMeshyTask/ status=200 user_id=29 time=3686.30ms
[2026-05-08 14:30:52,286] INFO api GET /api/models/queryMeshyTask/ status=200 user_id=29 time=2171.99ms
[2026-05-08 14:30:59,052] INFO api GET /api/models/queryMeshyTask/ status=200 user_id=29 time=3938.13ms
[2026-05-08 14:31:14,519] INFO api GET /api/models/queryMeshyTask/ status=200 user_id=29 time=3828.88ms
[2026-05-08 14:31:17,279] INFO api GET /api/models/queryMeshyTask/ status=200 user_id=29 time=2160.84ms
[2026-05-08 14:31:24,344] INFO api GET /api/models/queryMeshyTask/ status=200 user_id=29 time=4229.73ms
[2026-05-08 14:31:27,820] INFO api GET /api/models/queryMeshyTask/ status=200 user_id=29 time=2706.82ms
[2026-05-08 14:31:32,837] INFO api GET /api/models/queryMeshyTask/ status=200 user_id=29 time=2728.14ms
[2026-05-08 14:31:38,780] INFO api GET /api/models/queryMeshyTask/ status=200 user_id=29 time=3657.75ms
[2026-05-08 14:31:42,874] INFO api GET /api/models/queryMeshyTask/ status=200 user_id=29 time=3209.30ms
[2026-05-08 14:31:47,375] INFO api GET /api/models/queryMeshyTask/ status=200 user_id=29 time=2265.80ms
[2026-05-08 14:31:53,214] INFO api GET /api/models/queryMeshyTask/ status=200 user_id=29 time=3105.27ms
[2026-05-08 14:31:57,516] INFO api GET /api/models/queryMeshyTask/ status=200 user_id=29 time=2402.22ms
[2026-05-08 14:32:02,533] INFO api GET /api/models/queryMeshyTask/ status=200 user_id=29 time=2411.31ms
[2026-05-08 14:32:09,191] INFO api GET /api/models/queryMeshyTask/ status=200 user_id=29 time=4073.68ms
[2026-05-08 14:32:12,670] INFO api GET /api/models/queryMeshyTask/ status=200 user_id=29 time=2546.29ms
[2026-05-08 14:32:18,319] INFO api GET /api/models/queryMeshyTask/ status=200 user_id=29 time=3201.47ms
[2026-05-08 14:32:22,501] INFO api GET /api/models/queryMeshyTask/ status=200 user_id=29 time=2380.11ms
[2026-05-08 14:32:29,055] INFO api GET /api/models/queryMeshyTask/ status=200 user_id=29 time=3934.76ms
[2026-05-08 14:32:33,561] INFO api GET /api/models/queryMeshyTask/ status=200 user_id=29 time=3436.94ms
[2026-05-08 14:32:39,300] INFO api GET /api/models/queryMeshyTask/ status=200 user_id=29 time=4180.30ms
[2026-05-08 14:35:39,723] INFO api GET /api/models/queryMeshyTask/ status=500 user_id=29 time=5041.50ms
[2026-05-08 14:35:40,132] INFO api GET /api/models/queryMeshyTask/ status=200 user_id=29 time=15.05ms
[2026-05-08 14:35:45,140] INFO api GET /api/models/queryMeshyTask/ status=200 user_id=29 time=16.95ms
[2026-05-08 14:35:50,145] INFO api GET /api/models/queryMeshyTask/ status=200 user_id=29 time=15.01ms
[2026-05-08 14:35:55,140] INFO api GET /api/models/queryMeshyTask/ status=200 user_id=29 time=17.77ms
[2026-05-08 14:36:00,138] INFO api GET /api/models/queryMeshyTask/ status=200 user_id=29 time=16.64ms
[2026-05-08 14:38:15,790] INFO api GET /test/user/ status=200 user_id=None time=14.77ms
[2026-05-08 14:38:24,601] INFO api POST /api/users/createUser/ status=201 user_id=None time=867.34ms
[2026-05-08 14:38:24,919] INFO api POST /api/users/createUser/ status=500 user_id=None time=1020.88ms
[2026-05-08 14:38:33,192] INFO api POST /api/users/dirUser/ status=200 user_id=None time=870.74ms
[2026-05-08 14:38:41,787] INFO api GET /test/user_task/ status=200 user_id=None time=0.00ms
[2026-05-08 14:39:22,857] INFO api POST /api/models/createUserTask/ status=201 user_id=30 time=30924.67ms
[2026-05-08 14:39:36,593] INFO api GET /api/models/queryMeshyTask/ status=200 user_id=30 time=3601.08ms
[2026-05-08 14:39:46,816] INFO api GET /api/models/queryMeshyTask/ status=200 user_id=30 time=4695.00ms
[2026-05-08 14:39:49,377] INFO api GET /api/models/queryMeshyTask/ status=200 user_id=30 time=2260.33ms
[2026-05-08 14:39:55,518] INFO api GET /api/models/queryMeshyTask/ status=200 user_id=30 time=3398.67ms
[2026-05-08 14:39:59,206] INFO api GET /api/models/queryMeshyTask/ status=200 user_id=30 time=2094.99ms
[2026-05-08 14:40:05,456] INFO api GET /api/models/queryMeshyTask/ status=200 user_id=30 time=3337.47ms
[2026-05-08 14:40:10,880] INFO api GET /api/models/queryMeshyTask/ status=200 user_id=30 time=3760.17ms
[2026-05-08 14:40:15,591] INFO api GET /api/models/queryMeshyTask/ status=200 user_id=30 time=3470.81ms
[2026-05-08 14:40:20,507] INFO api GET /api/models/queryMeshyTask/ status=200 user_id=30 time=3394.80ms
[2026-05-08 14:40:24,500] INFO api GET /api/models/queryMeshyTask/ status=200 user_id=30 time=2380.87ms
[2026-05-08 14:40:29,932] INFO api GET /api/models/queryMeshyTask/ status=200 user_id=30 time=2815.56ms
[2026-05-08 14:40:35,149] INFO api GET /api/models/queryMeshyTask/ status=200 user_id=30 time=3026.17ms
[2026-05-08 14:40:40,780] INFO api GET /api/models/queryMeshyTask/ status=200 user_id=30 time=3659.12ms
[2026-05-08 14:41:49,322] INFO api GET /api/models/queryMeshyTask/ status=200 user_id=30 time=30211.45ms
[2026-05-08 14:51:41,714] INFO api GET /test/user/ status=200 user_id=None time=15.00ms
[2026-05-08 14:51:54,382] INFO api POST /api/users/createUser/ status=201 user_id=None time=735.37ms
[2026-05-08 14:52:02,356] INFO api POST /api/users/dirUser/ status=200 user_id=None time=856.71ms
[2026-05-08 14:52:19,099] INFO api GET /test/user_task/ status=200 user_id=None time=0.00ms
[2026-05-08 14:52:46,802] INFO api POST /api/models/createUserTask/ status=201 user_id=32 time=18813.98ms
[2026-05-08 14:53:21,421] INFO api GET /api/models/queryMeshyTask/ status=200 user_id=32 time=2044.14ms
[2026-05-08 14:53:30,014] INFO api GET /api/models/queryMeshyTask/ status=200 user_id=32 time=2894.69ms
[2026-05-08 14:53:35,570] INFO api GET /api/models/queryMeshyTask/ status=200 user_id=32 time=3447.67ms
[2026-05-08 14:53:41,073] INFO api GET /api/models/queryMeshyTask/ status=200 user_id=32 time=3958.79ms
[2026-05-08 14:54:04,219] INFO api GET /api/models/queryMeshyTask/ status=200 user_id=32 time=22110.09ms
[2026-05-08 14:54:04,239] INFO api GET /api/models/queryMeshyTask/ status=200 user_id=32 time=15.00ms
[2026-05-08 14:54:04,259] INFO api GET /api/models/queryMeshyTask/ status=200 user_id=32 time=15.00ms
[2026-05-08 14:54:04,279] INFO api GET /api/models/queryMeshyTask/ status=200 user_id=32 time=15.00ms
[2026-05-08 14:54:04,299] INFO api GET /api/models/queryMeshyTask/ status=200 user_id=32 time=14.98ms
[2026-05-08 15:01:41,645] INFO api GET /test/user/ status=200 user_id=None time=15.00ms
[2026-05-08 15:01:50,780] INFO api POST /api/users/createUser/ status=201 user_id=None time=742.65ms
[2026-05-08 15:01:57,691] INFO api POST /api/users/dirUser/ status=200 user_id=None time=834.96ms
[2026-05-08 15:02:09,644] INFO api GET /test/user_task/ status=200 user_id=None time=5.00ms
[2026-05-08 15:02:26,624] INFO api POST /api/models/createUserTask/ status=201 user_id=33 time=10064.68ms
[2026-05-08 15:02:36,834] INFO api GET /api/models/queryMeshyTask/ status=200 user_id=33 time=1853.68ms
[2026-05-08 15:02:44,207] INFO api GET /api/models/queryMeshyTask/ status=200 user_id=33 time=2085.29ms
[2026-05-08 15:02:49,831] INFO api GET /api/models/queryMeshyTask/ status=200 user_id=33 time=2708.66ms
[2026-05-08 15:02:54,237] INFO api GET /api/models/queryMeshyTask/ status=200 user_id=33 time=2115.13ms
[2026-05-08 15:03:01,095] INFO api GET /api/models/queryMeshyTask/ status=200 user_id=33 time=3982.14ms
[2026-05-08 15:03:04,478] INFO api GET /api/models/queryMeshyTask/ status=200 user_id=33 time=2358.47ms
[2026-05-08 15:03:27,051] INFO api GET /api/models/queryMeshyTask/ status=200 user_id=33 time=19937.81ms
[2026-05-08 15:03:27,076] INFO api GET /api/models/queryMeshyTask/ status=200 user_id=33 time=15.00ms
[2026-05-08 15:03:27,096] INFO api GET /api/models/queryMeshyTask/ status=200 user_id=33 time=20.00ms
[2026-05-08 15:03:27,116] INFO api GET /api/models/queryMeshyTask/ status=200 user_id=33 time=15.00ms
[2026-05-08 15:07:30,527] INFO api GET /test/user/ status=200 user_id=None time=19.77ms
[2026-05-08 15:07:38,679] INFO api POST /api/users/createUser/ status=400 user_id=None time=20.00ms
[2026-05-08 15:07:42,418] INFO api POST /api/users/createUser/ status=400 user_id=None time=15.01ms
[2026-05-08 15:07:44,086] INFO api POST /api/users/createUser/ status=400 user_id=None time=10.31ms
[2026-05-08 15:07:48,747] INFO api POST /api/users/createUser/ status=201 user_id=None time=798.35ms
[2026-05-08 15:07:57,113] INFO api POST /api/users/dirUser/ status=200 user_id=None time=883.17ms
[2026-05-08 15:08:08,172] INFO api GET /test/user_task/ status=200 user_id=None time=5.00ms
[2026-05-08 15:08:26,833] INFO api POST /api/models/createUserTask/ status=201 user_id=34 time=9793.27ms
[2026-05-08 15:09:20,502] INFO api GET /api/models/queryMeshyTask/ status=200 user_id=34 time=2066.59ms
[2026-05-08 15:09:41,417] INFO api GET /api/models/queryMeshyTask/ status=500 user_id=34 time=15308.18ms
[2026-05-08 15:09:47,886] INFO api GET /api/models/queryMeshyTask/ status=500 user_id=34 time=6458.62ms
[2026-05-08 15:09:53,217] INFO api GET /api/models/queryMeshyTask/ status=500 user_id=34 time=5325.54ms
[2026-05-08 15:09:58,862] INFO api GET /api/models/queryMeshyTask/ status=500 user_id=34 time=5640.64ms
[2026-05-08 15:10:04,081] INFO api GET /api/models/queryMeshyTask/ status=500 user_id=34 time=5213.48ms
[2026-05-08 15:10:10,614] INFO api GET /api/models/queryMeshyTask/ status=500 user_id=34 time=6527.96ms
[2026-05-08 15:10:16,762] INFO api GET /api/models/queryMeshyTask/ status=500 user_id=34 time=6138.76ms
[2026-05-08 15:10:23,434] INFO api GET /api/models/queryMeshyTask/ status=500 user_id=34 time=6666.29ms
[2026-05-08 15:10:28,803] INFO api GET /api/models/queryMeshyTask/ status=500 user_id=34 time=5369.32ms
[2026-05-08 15:10:35,465] INFO api GET /api/models/queryMeshyTask/ status=500 user_id=34 time=6651.90ms
[2026-05-08 15:10:42,325] INFO api GET /api/models/queryMeshyTask/ status=500 user_id=34 time=6860.05ms
[2026-05-08 15:49:04,046] INFO api GET /test/index/ status=200 user_id=None time=24.00ms
[2026-05-08 15:49:04,434] INFO api GET /favicon.ico status=404 user_id=None time=43.39ms
[2026-05-08 15:49:05,279] INFO api GET /test/user/ status=200 user_id=None time=8.00ms
[2026-05-08 15:49:20,021] INFO api POST /api/users/createUser/ status=201 user_id=None time=798.15ms
[2026-05-08 15:49:27,871] INFO api POST /api/users/dirUser/ status=200 user_id=None time=767.31ms
[2026-05-08 15:49:41,139] INFO api GET /test/user_task/ status=200 user_id=None time=7.99ms
[2026-05-08 15:50:07,485] INFO api POST /api/models/createUserTask/ status=201 user_id=35 time=18922.00ms
[2026-05-08 15:50:12,611] INFO api GET /api/models/queryMeshyTask/ status=200 user_id=35 time=800.10ms
[2026-05-08 15:50:18,896] INFO api GET /api/models/queryMeshyTask/ status=200 user_id=35 time=796.93ms
[2026-05-08 15:50:23,831] INFO api GET /api/models/queryMeshyTask/ status=200 user_id=35 time=734.09ms
[2026-05-08 15:50:28,950] INFO api GET /api/models/queryMeshyTask/ status=200 user_id=35 time=851.86ms
[2026-05-08 15:50:33,552] INFO api GET /api/models/queryMeshyTask/ status=200 user_id=35 time=917.17ms
[2026-05-08 15:50:38,568] INFO api GET /api/models/queryMeshyTask/ status=200 user_id=35 time=940.20ms
[2026-05-08 15:50:43,409] INFO api GET /api/models/queryMeshyTask/ status=200 user_id=35 time=774.66ms
[2026-05-08 15:50:48,945] INFO api GET /api/models/queryMeshyTask/ status=200 user_id=35 time=843.46ms
[2026-05-08 15:50:53,939] INFO api GET /api/models/queryMeshyTask/ status=200 user_id=35 time=835.92ms
[2026-05-08 15:50:58,334] INFO api GET /api/models/queryMeshyTask/ status=200 user_id=35 time=699.77ms
[2026-05-08 15:51:03,276] INFO api GET /api/models/queryMeshyTask/ status=200 user_id=35 time=641.66ms
[2026-05-08 15:51:15,584] INFO api GET /api/models/queryMeshyTask/ status=200 user_id=35 time=7483.74ms
[2026-05-08 15:51:15,608] INFO api GET /api/models/queryMeshyTask/ status=200 user_id=35 time=24.22ms
[2026-05-08 15:52:13,299] INFO api GET /api/models/queryMeshyTask/ status=200 user_id=35 time=12.72ms
[2026-05-08 15:52:14,784] INFO api GET /api/models/queryMeshyTask/ status=200 user_id=35 time=16.02ms
[2026-05-08 15:52:15,958] INFO api GET /api/models/queryMeshyTask/ status=200 user_id=35 time=24.43ms
[2026-05-08 15:52:28,207] INFO api GET /api/models/queryMeshyTask/ status=200 user_id=35 time=12.40ms
[2026-05-08 15:52:29,014] INFO api GET /api/models/queryMeshyTask/ status=200 user_id=35 time=18.19ms
[2026-05-08 15:53:15,747] INFO api GET /test/user_task/ status=200 user_id=None time=9.97ms
[2026-05-08 15:53:17,612] INFO api GET /test/user_task/ status=200 user_id=None time=0.00ms
[2026-05-08 15:53:20,262] INFO api GET /test/user_task/ status=200 user_id=None time=0.00ms
[2026-05-08 15:53:27,473] INFO api GET /test/user/ status=200 user_id=None time=0.00ms
[2026-05-08 15:53:35,322] INFO api POST /api/users/createUser/ status=201 user_id=None time=658.21ms
[2026-05-08 15:53:41,203] INFO api POST /api/users/dirUser/ status=200 user_id=None time=723.53ms
[2026-05-08 15:53:48,888] INFO api GET /test/user_task/ status=200 user_id=None time=0.00ms
[2026-05-08 15:54:08,089] INFO api POST /api/models/createUserTask/ status=201 user_id=36 time=11817.59ms
[2026-05-08 15:54:12,749] INFO api GET /api/models/queryMeshyTask/ status=200 user_id=36 time=904.25ms
[2026-05-08 15:54:18,858] INFO api GET /api/models/queryMeshyTask/ status=200 user_id=36 time=746.77ms
[2026-05-08 15:54:23,939] INFO api GET /api/models/queryMeshyTask/ status=200 user_id=36 time=837.46ms
[2026-05-08 15:54:28,999] INFO api GET /api/models/queryMeshyTask/ status=200 user_id=36 time=891.35ms
[2026-05-08 15:54:34,506] INFO api GET /api/models/queryMeshyTask/ status=200 user_id=36 time=1407.77ms
[2026-05-08 15:54:38,819] INFO api GET /api/models/queryMeshyTask/ status=200 user_id=36 time=712.17ms
[2026-05-08 15:54:44,021] INFO api GET /api/models/queryMeshyTask/ status=200 user_id=36 time=915.06ms
[2026-05-08 15:54:48,763] INFO api GET /api/models/queryMeshyTask/ status=200 user_id=36 time=659.72ms
[2026-05-08 15:54:53,973] INFO api GET /api/models/queryMeshyTask/ status=200 user_id=36 time=861.64ms
[2026-05-08 15:54:58,891] INFO api GET /api/models/queryMeshyTask/ status=200 user_id=36 time=790.30ms
[2026-05-08 15:55:03,804] INFO api GET /api/models/queryMeshyTask/ status=200 user_id=36 time=696.02ms
[2026-05-08 15:55:08,808] INFO api GET /api/models/queryMeshyTask/ status=200 user_id=36 time=703.17ms
[2026-05-08 15:55:13,749] INFO api GET /api/models/queryMeshyTask/ status=200 user_id=36 time=990.35ms
[2026-05-08 15:55:18,449] INFO api GET /api/models/queryMeshyTask/ status=200 user_id=36 time=690.91ms
[2026-05-08 15:55:24,491] INFO api GET /api/models/queryMeshyTask/ status=200 user_id=36 time=1386.41ms
[2026-05-08 15:55:35,908] INFO api GET /api/models/queryMeshyTask/ status=200 user_id=36 time=7804.16ms
[2026-05-08 15:55:35,932] INFO api GET /api/models/queryMeshyTask/ status=200 user_id=36 time=24.27ms
[2026-05-08 16:00:48,726] INFO api GET /api/models/queryMeshyTask/ status=200 user_id=36 time=112.16ms
[2026-05-08 16:00:49,397] INFO api GET /api/models/queryMeshyTask/ status=200 user_id=36 time=19.23ms
[2026-05-08 16:00:50,071] INFO api GET /api/models/queryMeshyTask/ status=200 user_id=36 time=12.23ms
[2026-05-08 16:00:50,946] INFO api GET /api/models/queryMeshyTask/ status=200 user_id=36 time=12.03ms
[2026-05-08 16:00:51,511] INFO api GET /api/models/queryMeshyTask/ status=200 user_id=36 time=15.63ms
[2026-05-08 16:00:51,646] INFO api GET /api/models/queryMeshyTask/ status=200 user_id=36 time=5.65ms
[2026-05-08 16:00:51,812] INFO api GET /api/models/queryMeshyTask/ status=200 user_id=36 time=14.10ms
[2026-05-08 16:00:51,961] INFO api GET /api/models/queryMeshyTask/ status=200 user_id=36 time=15.63ms
[2026-05-08 16:00:52,121] INFO api GET /api/models/queryMeshyTask/ status=200 user_id=36 time=15.93ms
[2026-05-08 16:00:52,269] INFO api GET /api/models/queryMeshyTask/ status=200 user_id=36 time=16.00ms
[2026-05-08 16:00:52,434] INFO api GET /api/models/queryMeshyTask/ status=200 user_id=36 time=15.81ms
[2026-05-08 16:00:52,608] INFO api GET /api/models/queryMeshyTask/ status=200 user_id=36 time=15.68ms
[2026-05-08 16:00:53,429] INFO api GET /api/models/queryMeshyTask/ status=200 user_id=36 time=25.39ms
[2026-05-08 16:00:53,578] INFO api GET /api/models/queryMeshyTask/ status=200 user_id=36 time=15.62ms
[2026-05-08 16:00:53,745] INFO api GET /api/models/queryMeshyTask/ status=200 user_id=36 time=15.63ms
[2026-05-08 16:00:54,110] INFO api GET /api/models/queryMeshyTask/ status=200 user_id=36 time=15.60ms
[2026-05-08 16:00:54,387] INFO api GET /api/models/queryMeshyTask/ status=200 user_id=36 time=16.02ms
[2026-05-08 16:00:54,545] INFO api GET /api/models/queryMeshyTask/ status=200 user_id=36 time=16.02ms
[2026-05-08 16:00:54,713] INFO api GET /api/models/queryMeshyTask/ status=200 user_id=36 time=17.73ms
[2026-05-08 16:00:55,764] INFO api GET /api/models/queryMeshyTask/ status=200 user_id=36 time=19.30ms
[2026-05-08 16:00:56,146] INFO api GET /api/models/queryMeshyTask/ status=200 user_id=36 time=13.47ms
[2026-05-08 16:00:56,296] INFO api GET /api/models/queryMeshyTask/ status=200 user_id=36 time=7.56ms
[2026-05-08 16:00:56,479] INFO api GET /api/models/queryMeshyTask/ status=200 user_id=36 time=16.09ms
[2026-05-08 16:01:00,947] INFO api GET /api/models/queryMeshyTask/ status=200 user_id=36 time=19.07ms
[2026-05-08 16:01:01,095] INFO api GET /api/models/queryMeshyTask/ status=200 user_id=36 time=12.87ms
[2026-05-08 16:01:07,081] INFO api GET /meshy_images/e06da02c-a610-425c-a73b-3d7d99c80608/UV_with_round_eyes.png status=404 user_id=None time=41.13ms
[2026-05-08 16:08:28,743] INFO api GET /meshy_images/e06da02c-a610-425c-a73b-3d7d99c80608/UV_with_round_eyes.png status=404 user_id=None time=24.23ms
